Component: ARM Compiler 5.06 update 7 (build 960) Tool: armlink [4d3601]

==============================================================================

Section Cross References

    startup_stm32f40_41xxx.o(RESET) refers to startup_stm32f40_41xxx.o(STACK) for __initial_sp
    startup_stm32f40_41xxx.o(RESET) refers to startup_stm32f40_41xxx.o(.text) for Reset_Handler
    startup_stm32f40_41xxx.o(RESET) refers to stm32f4xx_it.o(i.NMI_Handler) for NMI_Handler
    startup_stm32f40_41xxx.o(RESET) refers to stm32f4xx_it.o(i.HardFault_Handler) for HardFault_Handler
    startup_stm32f40_41xxx.o(RESET) refers to stm32f4xx_it.o(i.MemManage_Handler) for MemManage_Handler
    startup_stm32f40_41xxx.o(RESET) refers to stm32f4xx_it.o(i.BusFault_Handler) for BusFault_Handler
    startup_stm32f40_41xxx.o(RESET) refers to stm32f4xx_it.o(i.UsageFault_Handler) for UsageFault_Handler
    startup_stm32f40_41xxx.o(RESET) refers to port.o(.emb_text) for SVC_Handler
    startup_stm32f40_41xxx.o(RESET) refers to stm32f4xx_it.o(i.DebugMon_Handler) for DebugMon_Handler
    startup_stm32f40_41xxx.o(RESET) refers to port.o(i.SysTick_Handler) for SysTick_Handler
    startup_stm32f40_41xxx.o(RESET) refers to stm32f4xx_it.o(i.DMA1_Stream3_IRQHandler) for DMA1_Stream3_IRQHandler
    startup_stm32f40_41xxx.o(RESET) refers to stm32f4xx_it.o(i.DMA1_Stream4_IRQHandler) for DMA1_Stream4_IRQHandler
    startup_stm32f40_41xxx.o(RESET) refers to stm32f4xx_it.o(i.DMA1_Stream6_IRQHandler) for DMA1_Stream6_IRQHandler
    startup_stm32f40_41xxx.o(RESET) refers to stm32f4xx_it.o(i.ADC_IRQHandler) for ADC_IRQHandler
    startup_stm32f40_41xxx.o(RESET) refers to stm32f4xx_it.o(i.TIM1_BRK_TIM9_IRQHandler) for TIM1_BRK_TIM9_IRQHandler
    startup_stm32f40_41xxx.o(RESET) refers to stm32f4xx_it.o(i.TIM1_CC_IRQHandler) for TIM1_CC_IRQHandler
    startup_stm32f40_41xxx.o(RESET) refers to stm32f4xx_it.o(i.TIM3_IRQHandler) for TIM3_IRQHandler
    startup_stm32f40_41xxx.o(RESET) refers to stm32f4xx_it.o(i.I2C1_EV_IRQHandler) for I2C1_EV_IRQHandler
    startup_stm32f40_41xxx.o(RESET) refers to stm32f4xx_it.o(i.I2C1_ER_IRQHandler) for I2C1_ER_IRQHandler
    startup_stm32f40_41xxx.o(RESET) refers to stm32f4xx_it.o(i.SPI1_IRQHandler) for SPI1_IRQHandler
    startup_stm32f40_41xxx.o(RESET) refers to stm32f4xx_it.o(i.SPI2_IRQHandler) for SPI2_IRQHandler
    startup_stm32f40_41xxx.o(RESET) refers to stm32f4xx_it.o(i.USART1_IRQHandler) for USART1_IRQHandler
    startup_stm32f40_41xxx.o(RESET) refers to stm32f4xx_it.o(i.USART2_IRQHandler) for USART2_IRQHandler
    startup_stm32f40_41xxx.o(RESET) refers to stm32f4xx_it.o(i.USART3_IRQHandler) for USART3_IRQHandler
    startup_stm32f40_41xxx.o(RESET) refers to stm32f4xx_it.o(i.TIM8_UP_TIM13_IRQHandler) for TIM8_UP_TIM13_IRQHandler
    startup_stm32f40_41xxx.o(RESET) refers to stm32f4xx_it.o(i.DMA1_Stream7_IRQHandler) for DMA1_Stream7_IRQHandler
    startup_stm32f40_41xxx.o(RESET) refers to stm32f4xx_it.o(i.UART4_IRQHandler) for UART4_IRQHandler
    startup_stm32f40_41xxx.o(RESET) refers to stm32f4xx_it.o(i.UART5_IRQHandler) for UART5_IRQHandler
    startup_stm32f40_41xxx.o(RESET) refers to stm32f4xx_it.o(i.TIM6_DAC_IRQHandler) for TIM6_DAC_IRQHandler
    startup_stm32f40_41xxx.o(RESET) refers to stm32f4xx_it.o(i.TIM7_IRQHandler) for TIM7_IRQHandler
    startup_stm32f40_41xxx.o(RESET) refers to stm32f4xx_it.o(i.DMA2_Stream0_IRQHandler) for DMA2_Stream0_IRQHandler
    startup_stm32f40_41xxx.o(RESET) refers to stm32f4xx_it.o(i.DMA2_Stream3_IRQHandler) for DMA2_Stream3_IRQHandler
    startup_stm32f40_41xxx.o(RESET) refers to stm32f4xx_it.o(i.DMA2_Stream6_IRQHandler) for DMA2_Stream6_IRQHandler
    startup_stm32f40_41xxx.o(RESET) refers to stm32f4xx_it.o(i.DMA2_Stream7_IRQHandler) for DMA2_Stream7_IRQHandler
    startup_stm32f40_41xxx.o(RESET) refers to stm32f4xx_it.o(i.USART6_IRQHandler) for USART6_IRQHandler
    startup_stm32f40_41xxx.o(.text) refers to system_stm32f4xx.o(i.SystemInit) for SystemInit
    startup_stm32f40_41xxx.o(.text) refers to entry.o(.ARM.Collect$$$$00000000) for __main
    main.o(i.HAL_TIM_PeriodElapsedCallback) refers to stm32f4xx_hal.o(i.HAL_IncTick) for HAL_IncTick
    main.o(i.HAL_TIM_PeriodElapsedCallback) refers to main.o(.data) for .data
    main.o(i.HAL_UARTEx_RxEventCallback) refers to stm32f4xx_hal_uart.o(i.HAL_UART_Transmit_DMA) for HAL_UART_Transmit_DMA
    main.o(i.HAL_UARTEx_RxEventCallback) refers to sbus_proc.o(i.Sbus_Uart6_IDLE_Proc) for Sbus_Uart6_IDLE_Proc
    main.o(i.HAL_UARTEx_RxEventCallback) refers to stm32f4xx_hal_uart.o(i.HAL_UARTEx_ReceiveToIdle_DMA) for HAL_UARTEx_ReceiveToIdle_DMA
    main.o(i.HAL_UARTEx_RxEventCallback) refers to main.o(.bss) for .bss
    main.o(i.HAL_UARTEx_RxEventCallback) refers to usart.o(.bss) for huart1
    main.o(i.HAL_UARTEx_RxEventCallback) refers to main.o(.data) for .data
    main.o(i.SystemClock_Config) refers to memseta.o(.text) for __aeabi_memclr4
[...]
    HAL_UART_IRQHandler                      0x08003ad1   Thumb Code   610  stm32f4xx_hal_uart.o(i.HAL_UART_IRQHandler)
    HAL_UART_Init                            0x08003d39   Thumb Code    98  stm32f4xx_hal_uart.o(i.HAL_UART_Init)
    HAL_UART_MspInit                         0x08003d9d   Thumb Code  1226  usart.o(i.HAL_UART_MspInit)
    HAL_UART_RxCpltCallback                  0x08004271   Thumb Code     2  stm32f4xx_hal_uart.o(i.HAL_UART_RxCpltCallback)
    HAL_UART_RxHalfCpltCallback              0x08004273   Thumb Code     2  stm32f4xx_hal_uart.o(i.HAL_UART_RxHalfCpltCallback)
    HAL_UART_Transmit                        0x08004275   Thumb Code   178  stm32f4xx_hal_uart.o(i.HAL_UART_Transmit)
    HAL_UART_Transmit_DMA                    0x08004329   Thumb Code   126  stm32f4xx_hal_uart.o(i.HAL_UART_Transmit_DMA)
    HAL_UART_TxCpltCallback                  0x080043b5   Thumb Code     2  stm32f4xx_hal_uart.o(i.HAL_UART_TxCpltCallback)
    HAL_UART_TxHalfCpltCallback              0x080043b7   Thumb Code     2  stm32f4xx_hal_uart.o(i.HAL_UART_TxHalfCpltCallback)
    HardFault_Handler                        0x080043b9   Thumb Code     2  stm32f4xx_it.o(i.HardFault_Handler)
    I2C1_ER_IRQHandler                       0x080043bd   Thumb Code     6  stm32f4xx_it.o(i.I2C1_ER_IRQHandler)
    I2C1_EV_IRQHandler                       0x080043c9   Thumb Code     6  stm32f4xx_it.o(i.I2C1_EV_IRQHandler)
    I2C_Read                                 0x08004b51   Thumb Code    22  mpu6050.o(i.I2C_Read)
    I2C_Write                                0x08005135   Thumb Code    28  mpu6050.o(i.I2C_Write)
    K210_Task_Proc                           0x08005155   Thumb Code     8  k210_proc.o(i.K210_Task_Proc)
    Key_Scan                                 0x0800515d   Thumb Code    80  key_proc.o(i.Key_Scan)
    Key_Task_Proc                            0x080051b5   Thumb Code   128  key_proc.o(i.Key_Task_Proc)
    LCD_Address_Set                          0x08005289   Thumb Code    58  lcd_init.o(i.LCD_Address_Set)
    LCD_Chinese16ForFile                     0x080052c5   Thumb Code   102  lcd_proc.o(i.LCD_Chinese16ForFile)
    LCD_Clear                                0x08005331   Thumb Code    18  lcd_proc.o(i.LCD_Clear)
    LCD_DrawPoint                            0x08005343   Thumb Code    22  lcd_proc.o(i.LCD_DrawPoint)
    LCD_Fill                                 0x08005359   Thumb Code    62  lcd_proc.o(i.LCD_Fill)
    LCD_Image                                0x08005399   Thumb Code    84  lcd_proc.o(i.LCD_Image)
    LCD_Init                                 0x080053ed   Thumb Code   506  lcd_init.o(i.LCD_Init)
    LCD_ShowChar                             0x080055ed   Thumb Code   252  lcd_proc.o(i.LCD_ShowChar)
    LCD_ShowString                           0x080056f9   Thumb Code    58  lcd_proc.o(i.LCD_ShowString)
    LCD_Task_Proc                            0x08005735   Thumb Code  1568  lcd_proc.o(i.LCD_Task_Proc)
    LCD_WR_DATA                              0x08005dbd   Thumb Code    20  lcd_init.o(i.LCD_WR_DATA)
    LCD_WR_REG                               0x08005dd1   Thumb Code    36  lcd_init.o(i.LCD_WR_REG)
    LCD_Writ_Bus                             0x08005df9   Thumb Code    40  lcd_init.o(i.LCD_Writ_Bus)
    MPU6050_Task_Proc                        0x08005e29   Thumb Code   284  mpu6050_proc.o(i.MPU6050_Task_Proc)
    MPU_6050_Init                            0x08005f91   Thumb Code   124  mpu6050.o(i.MPU_6050_Init)
    MPU_Set_LPF                              0x0800600d   Thumb Code    50  mpu6050.o(i.MPU_Set_LPF)
    MX_ADC1_Init                             0x08006041   Thumb Code    88  adc.o(i.MX_ADC1_Init)
    MX_ADC2_Init                             0x080060a5   Thumb Code    88  adc.o(i.MX_ADC2_Init)
    MX_DMA_Init                              0x08006109   Thumb Code   168  dma.o(i.MX_DMA_Init)
    MX_FREERTOS_Init                         0x080061b5   Thumb Code   556  freertos.o(i.MX_FREERTOS_Init)
    MX_GPIO_Init                             0x08006625   Thumb Code   330  gpio.o(i.MX_GPIO_Init)
    MX_I2C1_Init                             0x08006789   Thumb Code    50  i2c.o(i.MX_I2C1_Init)
    MX_SPI1_Init                             0x080067c9   Thumb Code    62  spi.o(i.MX_SPI1_Init)
    MX_SPI2_Init                             0x08006811   Thumb Code    54  spi.o(i.MX_SPI2_Init)
    MX_TIM10_Init                            0x08006851   Thumb Code    94  tim.o(i.MX_TIM10_Init)
    MX_TIM11_Init                            0x080068b9   Thumb Code    94  tim.o(i.MX_TIM11_Init)
    MX_TIM12_Init                            0x08006921   Thumb Code    82  tim.o(i.MX_TIM12_Init)
    MX_TIM13_Init                            0x0800697d   Thumb Code    44  tim.o(i.MX_TIM13_Init)
    MX_TIM1_Init                             0x080069b1   Thumb Code   200  tim.o(i.MX_TIM1_Init)
    MX_TIM2_Init                             0x08006a81   Thumb Code   100  tim.o(i.MX_TIM2_Init)
    MX_TIM3_Init                             0x08006ae9   Thumb Code   100  tim.o(i.MX_TIM3_Init)
    MX_TIM4_Init                             0x08006b55   Thumb Code   120  tim.o(i.MX_TIM4_Init)
    MX_TIM7_Init                             0x08006bd5   Thumb Code    58  tim.o(i.MX_TIM7_Init)
    MX_TIM8_Init                             0x08006c19   Thumb Code   170  tim.o(i.MX_TIM8_Init)
    MX_TIM9_Init                             0x08006ccd   Thumb Code   146  tim.o(i.MX_TIM9_Init)
    MX_UART4_Init                            0x08006d69   Thumb Code    48  usart.o(i.MX_UART4_Init)
    MX_UART5_Init                            0x08006da1   Thumb Code    48  usart.o(i.MX_UART5_Init)
    MX_USART1_UART_Init                      0x08006dd9   Thumb Code    48  usart.o(i.MX_USART1_UART_Init)
    MX_USART2_UART_Init                      0x08006e11   Thumb Code    48  usart.o(i.MX_USART2_UART_Init)
    MX_USART3_UART_Init                      0x08006e49   Thumb Code    48  usart.o(i.MX_USART3_UART_Init)
    MX_USART6_UART_Init                      0x08006e81   Thumb Code    48  usart.o(i.MX_USART6_UART_Init)
    MX_USB_OTG_FS_PCD_Init                   0x08006eb9   Thumb Code    52  usb_otg.o(i.MX_USB_OTG_FS_PCD_Init)
    MemManage_Handler                        0x08006ef1   Thumb Code     2  stm32f4xx_it.o(i.MemManage_Handler)
    Motor_Encoder_Init                       0x08006ef5   Thumb Code    60  motor_proc.o(i.Motor_Encoder_Init)
    Motor_Get_Value                          0x08006f3d   Thumb Code   124  motor_proc.o(i.Motor_Get_Value)
    Motor_Init                               0x08006fc9   Thumb Code    68  motor_proc.o(i.Motor_Init)
    Motor_Speed_Set                          0x08007015   Thumb Code   118  motor_proc.o(i.Motor_Speed_Set)
    Motor_Task_Proc                          0x0800709d   Thumb Code    94  motor_proc.o(i.Motor_Task_Proc)
    Music_Play_StartUp                       0x08007125   Thumb Code    86  buzzer_proc.o(i.Music_Play_StartUp)
    NMI_Handler                              0x0800717b   Thumb Code     2  stm32f4xx_it.o(i.NMI_Handler)
    OpenMV_Task_Proc                         0x0800717d   Thumb Code    90  openmv_proc.o(i.OpenMV_Task_Proc)
    PC_Task_Proc                             0x080071e9   Thumb Code    94  pc_proc.o(i.PC_Task_Proc)
    PID_angelInit                            0x080072dd   Thumb Code    44  simplepid.o(i.PID_angelInit)
    PID_positionInit                         0x08007311   Thumb Code    48  simplepid.o(i.PID_positionInit)
    PID_realize                              0x08007349   Thumb Code    66  simplepid.o(i.PID_realize)
    RGB_Show_Proc                            0x0800738d   Thumb Code    52  rgb_proc.o(i.RGB_Show_Proc)
    RGB_Task_Proc                            0x080073c5   Thumb Code    38  rgb_proc.o(i.RGB_Task_Proc)
    Read_Mpu_Accel                           0x080073f1   Thumb Code    64  mpu6050.o(i.Read_Mpu_Accel)
    Read_Mpu_Gyro                            0x08007435   Thumb Code    64  mpu6050.o(i.Read_Mpu_Gyro)
    SPI1_IRQHandler                          0x08007479   Thumb Code     6  stm32f4xx_it.o(i.SPI1_IRQHandler)
    SPI2_IRQHandler                          0x08007485   Thumb Code     6  stm32f4xx_it.o(i.SPI2_IRQHandler)
    Sbus_Channels_Proc                       0x080075b1   Thumb Code   320  sbus_proc.o(i.Sbus_Channels_Proc)
    Sbus_Task_Proc                           0x080076f9   Thumb Code    12  sbus_proc.o(i.Sbus_Task_Proc)
    Sbus_Uart6_IDLE_Proc                     0x08007705   Thumb Code    42  sbus_proc.o(i.Sbus_Uart6_IDLE_Proc)
    Servo_Diver                              0x08007739   Thumb Code   578  servo_proc.o(i.Servo_Diver)
    Servo_Enable_All                         0x080079a5   Thumb Code    88  servo_proc.o(i.Servo_Enable_All)
    Servo_Task_Proc                          0x08007a19   Thumb Code    72  servo_proc.o(i.Servo_Task_Proc)
    Set_Mpu_Rate                             0x08007a61   Thumb Code    48  mpu6050.o(i.Set_Mpu_Rate)
    SysTick_Handler                          0x08007a91   Thumb Code    38  port.o(i.SysTick_Handler)
    SystemClock_Config                       0x08007abd   Thumb Code   140  main.o(i.SystemClock_Config)
    SystemInit                               0x08007b51   Thumb Code    12  system_stm32f4xx.o(i.SystemInit)
    TIM1_BRK_TIM9_IRQHandler                 0x08007b61   Thumb Code    18  stm32f4xx_it.o(i.TIM1_BRK_TIM9_IRQHandler)
    TIM1_CC_IRQHandler                       0x08007b7d   Thumb Code     6  stm32f4xx_it.o(i.TIM1_CC_IRQHandler)
    TIM3_IRQHandler                          0x08007b89   Thumb Code     6  stm32f4xx_it.o(i.TIM3_IRQHandler)
    TIM6_DAC_IRQHandler                      0x08007b95   Thumb Code     6  stm32f4xx_it.o(i.TIM6_DAC_IRQHandler)
    TIM7_IRQHandler                          0x08007ba1   Thumb Code     6  stm32f4xx_it.o(i.TIM7_IRQHandler)
    TIM8_UP_TIM13_IRQHandler                 0x08007bad   Thumb Code    18  stm32f4xx_it.o(i.TIM8_UP_TIM13_IRQHandler)
    TIM_Base_SetConfig                       0x08007bc9   Thumb Code   156  stm32f4xx_hal_tim.o(i.TIM_Base_SetConfig)
    TIM_CCxChannelCmd                        0x08007c91   Thumb Code    26  stm32f4xx_hal_tim.o(i.TIM_CCxChannelCmd)
    TIM_ETR_SetConfig                        0x08007cab   Thumb Code    20  stm32f4xx_hal_tim.o(i.TIM_ETR_SetConfig)
    TIM_OC2_SetConfig                        0x08007d21   Thumb Code    98  stm32f4xx_hal_tim.o(i.TIM_OC2_SetConfig)
    TIM_TI1_SetConfig                        0x08007ef5   Thumb Code   100  stm32f4xx_hal_tim.o(i.TIM_TI1_SetConfig)
    UART4_IRQHandler                         0x08007fd1   Thumb Code     6  stm32f4xx_it.o(i.UART4_IRQHandler)
    UART5_IRQHandler                         0x08007fdd   Thumb Code     6  stm32f4xx_it.o(i.UART5_IRQHandler)
    UART_Start_Receive_DMA                   0x08008361   Thumb Code   134  stm32f4xx_hal_uart.o(i.UART_Start_Receive_DMA)
    USART1_IRQHandler                        0x0800846d   Thumb Code     6  stm32f4xx_it.o(i.USART1_IRQHandler)
    USART2_IRQHandler                        0x08008479   Thumb Code     6  stm32f4xx_it.o(i.USART2_IRQHandler)
    USART3_IRQHandler                        0x08008485   Thumb Code     6  stm32f4xx_it.o(i.USART3_IRQHandler)
    USART6_IRQHandler                        0x08008491   Thumb Code     6  stm32f4xx_it.o(i.USART6_IRQHandler)
    USB_CoreInit                             0x0800849d   Thumb Code   112  stm32f4xx_ll_usb.o(i.USB_CoreInit)
    USB_DevDisconnect                        0x08008551   Thumb Code    28  stm32f4xx_ll_usb.o(i.USB_DevDisconnect)
    USB_DevInit                              0x0800856d   Thumb Code   362  stm32f4xx_ll_usb.o(i.USB_DevInit)
    USB_DisableGlobalInt                     0x080086e1   Thumb Code    12  stm32f4xx_ll_usb.o(i.USB_DisableGlobalInt)
    USB_FlushRxFifo                          0x080086ed   Thumb Code    54  stm32f4xx_ll_usb.o(i.USB_FlushRxFifo)
    USB_FlushTxFifo                          0x08008729   Thumb Code    58  stm32f4xx_ll_usb.o(i.USB_FlushTxFifo)
    USB_SetCurrentMode                       0x08008769   Thumb Code    92  stm32f4xx_ll_usb.o(i.USB_SetCurrentMode)
    UsageFault_Handler                       0x080087c5   Thumb Code     2  stm32f4xx_it.o(i.UsageFault_Handler)
    W25QXX_Init                              0x080087c9   Thumb Code    72  flash_proc.o(i.W25QXX_Init)
    W25QXX_ReadCapacity                      0x08008819   Thumb Code    82  flash_proc.o(i.W25QXX_ReadCapacity)
    W25QXX_ReadID                            0x08008871   Thumb Code    72  flash_proc.o(i.W25QXX_ReadID)
    W25QXX_ReadUniqueID                      0x080088bd   Thumb Code    76  flash_proc.o(i.W25QXX_ReadUniqueID)
    __0printf                                0x08008939   Thumb Code    22  printfa.o(i.__0printf)
    __1printf                                0x08008939   Thumb Code     0  printfa.o(i.__0printf)
    __2printf                                0x08008939   Thumb Code     0  printfa.o(i.__0printf)
    __c89printf                              0x08008939   Thumb Code     0  printfa.o(i.__0printf)
    printf                                   0x08008939   Thumb Code     0  printfa.o(i.__0printf)
    __0sprintf                               0x08008959   Thumb Code    34  printfa.o(i.__0sprintf)
    __1sprintf                               0x08008959   Thumb Code     0  printfa.o(i.__0sprintf)
    __2sprintf                               0x08008959   Thumb Code     0  printfa.o(i.__0sprintf)
    __c89sprintf                             0x08008959   Thumb Code     0  printfa.o(i.__0sprintf)
    sprintf                                  0x08008959   Thumb Code     0  printfa.o(i.__0sprintf)
    __ARM_fpclassifyf                        0x08008981   Thumb Code    38  fpclassifyf.o(i.__ARM_fpclassifyf)
    __hardfp_asinf                           0x080089c9   Thumb Code   258  asinf.o(i.__hardfp_asinf)
    __hardfp_atan2f                          0x08008af5   Thumb Code   594  atan2f.o(i.__hardfp_atan2f)
    __mathlib_flt_infnan                     0x08008da1   Thumb Code     6  funder.o(i.__mathlib_flt_infnan)
    __mathlib_flt_infnan2                    0x08008da7   Thumb Code     6  funder.o(i.__mathlib_flt_infnan2)
    __mathlib_flt_invalid                    0x08008dad   Thumb Code    10  funder.o(i.__mathlib_flt_invalid)
    __mathlib_flt_underflow                  0x08008dbd   Thumb Code    10  funder.o(i.__mathlib_flt_underflow)
    __scatterload_copy                       0x08008dcd   Thumb Code    14  handlers.o(i.__scatterload_copy)
    __scatterload_null                       0x08008ddb   Thumb Code     2  handlers.o(i.__scatterload_null)
    __scatterload_zeroinit                   0x08008ddd   Thumb Code    14  handlers.o(i.__scatterload_zeroinit)
    __set_errno                              0x08008ded   Thumb Code     6  errno.o(i.__set_errno)
    configureTimerForRunTimeStats            0x0800968d   Thumb Code    16  freertos.o(i.configureTimerForRunTimeStats)
    delay_ms                                 0x080096a5   Thumb Code    20  lcd_init.o(i.delay_ms)
    driveBuzzer                              0x080096b9   Thumb Code    86  buzzer_proc.o(i.driveBuzzer)
    eTaskGetState                            0x0800972d   Thumb Code   106  tasks.o(i.eTaskGetState)
    fputc                                    0x080097a1   Thumb Code    24  usart.o(i.fputc)
    getRunTimeCounterValue                   0x080097c1   Thumb Code     6  freertos.o(i.getRunTimeCounterValue)
    imuUpdate                                0x080097cd   Thumb Code   694  mpu6050_proc.o(i.imuUpdate)
    main                                     0x08009ac1   Thumb Code   218  main.o(i.main)
    osDelay                                  0x08009bd1   Thumb Code    14  cmsis_os.o(i.osDelay)
    osKernelStart                            0x08009bdf   Thumb Code    10  cmsis_os.o(i.osKernelStart)
    osThreadCreate                           0x08009be9   Thumb Code    84  cmsis_os.o(i.osThreadCreate)
    pvPortMalloc                             0x0800a455   Thumb Code   216  heap_4.o(i.pvPortMalloc)
    pxPortInitialiseStack                    0x0800a531   Thumb Code    40  port.o(i.pxPortInitialiseStack)
    sqrtf                                    0x0800a55d   Thumb Code    62  sqrtf.o(i.sqrtf)
    uxListRemove                             0x0800a59b   Thumb Code    38  list.o(i.uxListRemove)
    uxTaskGetSystemState                     0x0800a5c1   Thumb Code   162  tasks.o(i.uxTaskGetSystemState)
    vApplicationGetIdleTaskMemory            0x0800a66d   Thumb Code    16  freertos.o(i.vApplicationGetIdleTaskMemory)
    vApplicationGetTimerTaskMemory           0x0800a681   Thumb Code    18  freertos.o(i.vApplicationGetTimerTaskMemory)
    vListInitialise                          0x0800a699   Thumb Code    22  list.o(i.vListInitialise)
    vListInitialiseItem                      0x0800a6af   Thumb Code     6  list.o(i.vListInitialiseItem)
    vListInsert                              0x0800a6b5   Thumb Code    48  list.o(i.vListInsert)
    vListInsertEnd                           0x0800a6e5   Thumb Code    24  list.o(i.vListInsertEnd)
    vPortEnterCritical                       0x0800a6fd   Thumb Code    54  port.o(i.vPortEnterCritical)
    vPortExitCritical                        0x0800a73d   Thumb Code    34  port.o(i.vPortExitCritical)
    vPortFree                                0x0800a765   Thumb Code    94  heap_4.o(i.vPortFree)
    vPortSetupTimerInterrupt                 0x0800a7c9   Thumb Code    32  port.o(i.vPortSetupTimerInterrupt)
    vPortValidateInterruptPriority           0x0800a7ed   Thumb Code    74  port.o(i.vPortValidateInterruptPriority)
    vQueueAddToRegistry                      0x0800a841   Thumb Code    34  queue.o(i.vQueueAddToRegistry)
    vQueueWaitForMessageRestricted           0x0800a869   Thumb Code    68  queue.o(i.vQueueWaitForMessageRestricted)
    vTaskDelay                               0x0800a8ad   Thumb Code    66  tasks.o(i.vTaskDelay)
    vTaskGetInfo                             0x0800a8f9   Thumb Code   126  tasks.o(i.vTaskGetInfo)
    vTaskGetRunTimeStats                     0x0800a97d   Thumb Code   134  tasks.o(i.vTaskGetRunTimeStats)
    vTaskInternalSetTimeOutState             0x0800aa21   Thumb Code    12  tasks.o(i.vTaskInternalSetTimeOutState)
    vTaskList                                0x0800aa31   Thumb Code   150  tasks.o(i.vTaskList)
    vTaskMissedYield                         0x0800aadd   Thumb Code     8  tasks.o(i.vTaskMissedYield)
    vTaskPlaceOnEventList                    0x0800aae9   Thumb Code    44  tasks.o(i.vTaskPlaceOnEventList)
    vTaskPlaceOnEventListRestricted          0x0800ab19   Thumb Code    52  tasks.o(i.vTaskPlaceOnEventListRestricted)
    vTaskStartScheduler                      0x0800ab51   Thumb Code   122  tasks.o(i.vTaskStartScheduler)
    vTaskSuspendAll                          0x0800abdd   Thumb Code    10  tasks.o(i.vTaskSuspendAll)
    vTaskSwitchContext                       0x0800abed   Thumb Code   108  tasks.o(i.vTaskSwitchContext)
    xPortStartScheduler                      0x0800ac61   Thumb Code   222  port.o(i.xPortStartScheduler)
    xQueueGenericCreateStatic                0x0800ad55   Thumb Code   102  queue.o(i.xQueueGenericCreateStatic)
    xQueueGenericReset                       0x0800adbd   Thumb Code   132  queue.o(i.xQueueGenericReset)
    xQueueGenericSend                        0x0800ae45   Thumb Code   346  queue.o(i.xQueueGenericSend)
    xQueueGenericSendFromISR                 0x0800afa5   Thumb Code   190  queue.o(i.xQueueGenericSendFromISR)
    xQueueReceive                            0x0800b065   Thumb Code   308  queue.o(i.xQueueReceive)
    xTaskCheckForTimeOut                     0x0800b19d   Thumb Code   112  tasks.o(i.xTaskCheckForTimeOut)
    xTaskCreate                              0x0800b211   Thumb Code    90  tasks.o(i.xTaskCreate)
    xTaskCreateStatic                        0x0800b26b   Thumb Code    86  tasks.o(i.xTaskCreateStatic)
    xTaskGetSchedulerState                   0x0800b2c1   Thumb Code    22  tasks.o(i.xTaskGetSchedulerState)
    xTaskGetTickCount                        0x0800b2dd   Thumb Code     6  tasks.o(i.xTaskGetTickCount)
    xTaskIncrementTick                       0x0800b2e9   Thumb Code   194  tasks.o(i.xTaskIncrementTick)
    xTaskPriorityDisinherit                  0x0800b3b5   Thumb Code   144  tasks.o(i.xTaskPriorityDisinherit)
    xTaskRemoveFromEventList                 0x0800b44d   Thumb Code   108  tasks.o(i.xTaskRemoveFromEventList)
    xTaskResumeAll                           0x0800b4c1   Thumb Code   182  tasks.o(i.xTaskResumeAll)
    xTimerCreateTimerTask                    0x0800b585   Thumb Code    78  timers.o(i.xTimerCreateTimerTask)
    xTimerGenericCommand                     0x0800b5e5   Thumb Code    92  timers.o(i.xTimerGenericCommand)
    hanzi16                                  0x0800b7cc   Data          64  lcd_proc.o(.constdata)
    hanzi32                                  0x0800b80c   Data         256  lcd_proc.o(.constdata)
    ascii_1206                               0x0800b90c   Data        1140  lcd_proc.o(.constdata)
    ascii_1608                               0x0800bd80   Data        1520  lcd_proc.o(.constdata)
    ascii_2412                               0x0800c370   Data        4560  lcd_proc.o(.constdata)
    ascii_3216                               0x0800d540   Data        6080  lcd_proc.o(.constdata)
    startup                                  0x0800ed00   Data       40968  lcd_proc.o(.constdata)
    AHBPrescTable                            0x08018d10   Data          16  system_stm32f4xx.o(.constdata)
    APBPrescTable                            0x08018d20   Data           8  system_stm32f4xx.o(.constdata)
    Region$$Table$$Base                      0x08018dbc   Number         0  anon$$obj.o(Region$$Table)
    Region$$Table$$Limit                     0x08018ddc   Number         0  anon$$obj.o(Region$$Table)
    RunTimeFlag                              0x20000000   Data           1  main.o(.data)
    TaskListFlag                             0x20000001   Data           1  main.o(.data)
    TIM12Count                               0x20000004   Data           4  main.o(.data)
    ch                                       0x20000008   Data           1  usart.o(.data)
    W25QXX_TYPE                              0x2000000c   Data           2  flash_proc.o(.data)
    W25QXX_SIZE                              0x20000010   Data           4  flash_proc.o(.data)
    W25QXX_UID                               0x20000014   Data           8  flash_proc.o(.data)
    FlashTaskHandle                          0x2000001c   Data           4  flash_proc.o(.data)
    PCTaskHandle                             0x20000020   Data           4  pc_proc.o(.data)
    K210TaskHandle                           0x20000024   Data           4  k210_proc.o(.data)
    KeyTaskHandle                            0x20000028   Data           4  key_proc.o(.data)
    KeyVal                                   0x2000002c   Data           1  key_proc.o(.data)
    KeyOld                                   0x2000002d   Data           1  key_proc.o(.data)
    KeyUp                                    0x2000002e   Data           1  key_proc.o(.data)
    KeyDown                                  0x2000002f   Data           1  key_proc.o(.data)
    LcdPage                                  0x20000030   Data           1  lcd_proc.o(.data)
    LCDTaskHandle                            0x20000034   Data           4  lcd_proc.o(.data)
    Kp                                       0x2000003c   Data           4  mpu6050_proc.o(.data)
    Ki                                       0x20000040   Data           4  mpu6050_proc.o(.data)
    exInt                                    0x20000044   Data           4  mpu6050_proc.o(.data)
    eyInt                                    0x20000048   Data           4  mpu6050_proc.o(.data)
    ezInt                                    0x2000004c   Data           4  mpu6050_proc.o(.data)
    MPU6050TaskHandle                        0x20000078   Data           4  mpu6050_proc.o(.data)
    change_output                            0x2000007c   Data           4  openmv_proc.o(.data)
    change_x                                 0x20000080   Data           4  openmv_proc.o(.data)
    x                                        0x20000084   Data           4  openmv_proc.o(.data)
    angle                                    0x20000088   Data           4  openmv_proc.o(.data)
    OpenMVTaskHandle                         0x2000008c   Data           4  openmv_proc.o(.data)
    RGBTaskHandle                            0x20000090   Data           4  rgb_proc.o(.data)
    ucLed                                    0x20000094   Data           1  rgb_proc.o(.data)
    SbusTaskHandle                           0x20000098   Data           4  sbus_proc.o(.data)
    ServoTaskHandle                          0x2000009c   Data           4  servo_proc.o(.data)
    BuzzerTaskHandle                         0x200000a0   Data           4  buzzer_proc.o(.data)
    MotorTaskHandle                          0x200000a4   Data           4  motor_proc.o(.data)
    EncoderTaskHandle                        0x200000a8   Data           4  motor_proc.o(.data)
    BleTaskHandle                            0x200000ac   Data           4  ble_proc.o(.data)
    ax_l                                     0x200000b0   Data           2  mpu6050.o(.data)
    ay_l                                     0x200000b2   Data           2  mpu6050.o(.data)
    az_l                                     0x200000b4   Data           2  mpu6050.o(.data)
    gx_l                                     0x200000b6   Data           2  mpu6050.o(.data)
    gy_l                                     0x200000b8   Data           2  mpu6050.o(.data)
    gz_l                                     0x200000ba   Data           2  mpu6050.o(.data)
    ax                                       0x200000bc   Data           2  mpu6050.o(.data)
    ay                                       0x200000be   Data           2  mpu6050.o(.data)
    az                                       0x200000c0   Data           2  mpu6050.o(.data)
    gx                                       0x200000c2   Data           2  mpu6050.o(.data)
    gy                                       0x200000c4   Data           2  mpu6050.o(.data)
    gz                                       0x200000c6   Data           2  mpu6050.o(.data)
    I2C_Accel_Buf                            0x200000c8   Data           6  mpu6050.o(.data)
    I2C_Gyro_Buf                             0x200000ce   Data           6  mpu6050.o(.data)
    uwTickFreq                               0x200000d4   Data           1  stm32f4xx_hal.o(.data)
    uwTickPrio                               0x200000d8   Data           4  stm32f4xx_hal.o(.data)
    uwTick                                   0x200000dc   Data           4  stm32f4xx_hal.o(.data)
    SystemCoreClock                          0x200000e0   Data           4  system_stm32f4xx.o(.data)
    pxCurrentTCB                             0x200000e4   Data           4  tasks.o(.data)
    __stdout                                 0x20000168   Data           4  stdout.o(.data)
    Uart1Rx                                  0x20000170   Data         100  main.o(.bss)
    Uart2Rx                                  0x200001d4   Data         100  main.o(.bss)
    Uart3Rx                                  0x20000238   Data         100  main.o(.bss)
    Uart4Rx                                  0x2000029c   Data         100  main.o(.bss)
    Uart5Rx                                  0x20000300   Data         100  main.o(.bss)
    Uart6Rx                                  0x20000364   Data         100  main.o(.bss)
    InfoBuffer                               0x200003c8   Data        1000  main.o(.bss)
    hadc1                                    0x20000e78   Data          72  adc.o(.bss)
    hadc2                                    0x20000ec0   Data          72  adc.o(.bss)
    hdma_adc1                                0x20000f08   Data          96  adc.o(.bss)
    hdma_adc2                                0x20000f68   Data          96  adc.o(.bss)
    hi2c1                                    0x20000fc8   Data          84  i2c.o(.bss)
    hspi1                                    0x2000101c   Data          88  spi.o(.bss)
    hspi2                                    0x20001074   Data          88  spi.o(.bss)
    htim1                                    0x200010cc   Data          72  tim.o(.bss)
    htim2                                    0x20001114   Data          72  tim.o(.bss)
    htim3                                    0x2000115c   Data          72  tim.o(.bss)
    htim4                                    0x200011a4   Data          72  tim.o(.bss)
    htim7                                    0x200011ec   Data          72  tim.o(.bss)
    htim8                                    0x20001234   Data          72  tim.o(.bss)
    htim9                                    0x2000127c   Data          72  tim.o(.bss)
    htim10                                   0x200012c4   Data          72  tim.o(.bss)
    htim11                                   0x2000130c   Data          72  tim.o(.bss)
    htim12                                   0x20001354   Data          72  tim.o(.bss)
    htim13                                   0x2000139c   Data          72  tim.o(.bss)
    huart4                                   0x200013e4   Data          68  usart.o(.bss)
    huart5                                   0x20001428   Data          68  usart.o(.bss)
    huart1                                   0x2000146c   Data          68  usart.o(.bss)
    huart2                                   0x200014b0   Data          68  usart.o(.bss)
    huart3                                   0x200014f4   Data          68  usart.o(.bss)
    huart6                                   0x20001538   Data          68  usart.o(.bss)
    hdma_uart4_rx                            0x2000157c   Data          96  usart.o(.bss)
    hdma_uart4_tx                            0x200015dc   Data          96  usart.o(.bss)
    hdma_uart5_rx                            0x2000163c   Data          96  usart.o(.bss)
    hdma_uart5_tx                            0x2000169c   Data          96  usart.o(.bss)
    hdma_usart1_rx                           0x200016fc   Data          96  usart.o(.bss)
    hdma_usart1_tx                           0x2000175c   Data          96  usart.o(.bss)
    hdma_usart2_rx                           0x200017bc   Data          96  usart.o(.bss)
    hdma_usart2_tx                           0x2000181c   Data          96  usart.o(.bss)
    hdma_usart3_rx                           0x2000187c   Data          96  usart.o(.bss)
    hdma_usart3_tx                           0x200018dc   Data          96  usart.o(.bss)
    hdma_usart6_rx                           0x2000193c   Data          96  usart.o(.bss)
    hdma_usart6_tx                           0x2000199c   Data          96  usart.o(.bss)
    hpcd_USB_OTG_FS                          0x200019fc   Data        1292  usb_otg.o(.bss)
    htim6                                    0x20001f08   Data          72  stm32f4xx_hal_timebase_tim.o(.bss)
    LcdDisp                                  0x20001f50   Data          40  lcd_proc.o(.bss)
    CarPos                                   0x20001f78   Data          28  mpu6050_proc.o(.bss)
    State                                    0x20001f94   Data          64  mpu6050_proc.o(.bss)
    CarAcc                                   0x20001fd4   Data          12  mpu6050_proc.o(.bss)
    CarGryo                                  0x20001fe0   Data          12  mpu6050_proc.o(.bss)
    SbusChannels                             0x20001fec   Data          32  sbus_proc.o(.bss)
    SBUS_CH                                  0x2000200c   Data          34  sbus_proc.o(.bss)
    MotorA                                   0x20002030   Data          16  motor_proc.o(.bss)
    MotorB                                   0x20002040   Data          16  motor_proc.o(.bss)
    xQueueRegistry                           0x20002050   Data          64  queue.o(.bss)
    speed_left                               0x20005e70   Data          32  simplepid.o(.bss)
    speed_right                              0x20005e90   Data          32  simplepid.o(.bss)
    angel                                    0x20005eb0   Data          32  simplepid.o(.bss)
    position                                 0x20005ed0   Data          32  simplepid.o(.bss)
    __initial_sp                             0x200062f0   Data           0  startup_stm32f40_41xxx.o(STACK)



==============================================================================

Memory Map of the image

  Image Entry point : 0x08000189

  Load Region LR_IROM1 (Base: 0x08000000, Size: 0x00018f4c, Max: 0x00100000, ABSOLUTE, COMPRESSED[0x00018dfc])

    Execution Region ER_IROM1 (Exec base: 0x08000000, Load base: 0x08000000, Size: 0x00018ddc, Max: 0x00100000, ABSOLUTE)

    Exec Addr    Load Addr    Size         Type   Attr      Idx    E Section Name        Object

    0x08000000   0x08000000   0x00000188   Data   RO            3    RESET               startup_stm32f40_41xxx.o
    0x08000188   0x08000188   0x00000000   Code   RO         9799  * .ARM.Collect$$$$00000000  mc_w.l(entry.o)
    0x08000188   0x08000188   0x00000004   Code   RO        10162    .ARM.Collect$$$$00000001  mc_w.l(entry2.o)
    0x0800018c   0x0800018c   0x00000004   Code   RO        10165    .ARM.Collect$$$$00000004  mc_w.l(entry5.o)
    0x08000190   0x08000190   0x00000000   Code   RO        10167    .ARM.Collect$$$$00000008  mc_w.l(entry7b.o)
    0x08000190   0x08000190   0x00000000   Code   RO        10169    .ARM.Collect$$$$0000000A  mc_w.l(entry8b.o)
    0x08000190   0x08000190   0x00000008   Code   RO        10170    .ARM.Collect$$$$0000000B  mc_w.l(entry9a.o)
    0x08000198   0x08000198   0x00000004   Code   RO        10177    .ARM.Collect$$$$0000000E  mc_w.l(entry12b.o)
    0x0800019c   0x0800019c   0x00000000   Code   RO        10172    .ARM.Collect$$$$0000000F  mc_w.l(entry10a.o)
    0x0800019c   0x0800019c   0x00000000   Code   RO        10174    .ARM.Collect$$$$00000011  mc_w.l(entry11a.o)
    0x0800019c   0x0800019c   0x00000004   Code   RO        10163    .ARM.Collect$$$$00002712  mc_w.l(entry2.o)
    0x080001a0   0x080001a0   0x000000be   Code   RO         7871    .emb_text           port.o
    0x0800025e   0x0800025e   0x00000002   PAD
    0x08000260   0x08000260   0x00000024   Code   RO            4    .text               startup_stm32f40_41xxx.o
    0x08000284   0x08000284   0x00000062   Code   RO         9802    .text               mc_w.l(uldiv.o)
    0x080002e6   0x080002e6   0x00000028   Code   RO         9806    .text               mc_w.l(memcpy.o)
    0x0800030e   0x0800030e   0x00000024   Code   RO         9812    .text               mc_w.l(memseta.o)
    0x08000332   0x08000332   0x0000000e   Code   RO         9814    .text               mc_w.l(strlen.o)
    0x08000340   0x08000340   0x00000012   Code   RO         9818    .text               mc_w.l(strcpy.o)
    0x08000352   0x08000352   0x0000014e   Code   RO        10121    .text               mf_w.l(dadd.o)
    0x080004a0   0x080004a0   0x000000e4   Code   RO        10123    .text               mf_w.l(dmul.o)
    0x08000584   0x08000584   0x000000de   Code   RO        10125    .text               mf_w.l(ddiv.o)
    0x08000662   0x08000662   0x00000022   Code   RO        10127    .text               mf_w.l(dflti.o)
    0x08000684   0x08000684   0x0000001a   Code   RO        10129    .text               mf_w.l(dfltui.o)
    0x0800069e   0x0800069e   0x00000032   Code   RO        10133    .text               mf_w.l(dfixui.o)
    0x080006d0   0x080006d0   0x00000026   Code   RO        10135    .text               mf_w.l(f2d.o)
    0x080006f6   0x080006f6   0x00000002   PAD
    0x080006f8   0x080006f8   0x00000030   Code   RO        10139    .text               mf_w.l(cdrcmple.o)
    0x08000728   0x08000728   0x00000038   Code   RO        10141    .text               mf_w.l(d2f.o)
    0x08000760   0x08000760   0x0000002c   Code   RO        10179    .text               mc_w.l(uidiv.o)
    0x0800078c   0x0800078c   0x0000001e   Code   RO        10181    .text               mc_w.l(llshl.o)
    0x080007aa   0x080007aa   0x00000020   Code   RO        10183    .text               mc_w.l(llushr.o)
    0x080007ca   0x080007ca   0x00000024   Code   RO        10185    .text               mc_w.l(llsshr.o)
    0x080007ee   0x080007ee   0x00000000   Code   RO        10202    .text               mc_w.l(iusefp.o)
    0x080007ee   0x080007ee   0x0000006e   Code   RO        10203    .text               mf_w.l(fepilogue.o)
    0x0800085c   0x0800085c   0x000000ba   Code   RO        10205    .text               mf_w.l(depilogue.o)
    0x08000916   0x08000916   0x00000030   Code   RO        10209    .text               mf_w.l(dfixul.o)
    0x08000946   0x08000946   0x00000002   PAD
    0x08000948   0x08000948   0x00000024   Code   RO        10213    .text               mc_w.l(init.o)
    0x0800096c   0x0800096c   0x0000003a   Code   RO        10230    .text               mc_w.l(__dczerorl.o)
    0x080009a6   0x080009a6   0x00000008   Code   RO         1843    i.ABS               motor_proc.o
    0x080009ae   0x080009ae   0x00000002   PAD
    0x080009b0   0x080009b0   0x0000001c   Code   RO          803    i.ADC_IRQHandler    stm32f4xx_it.o
    0x080009cc   0x080009cc   0x00000128   Code   RO         2203    i.ADC_Init          stm32f4xx_hal_adc.o
    0x08000af4   0x08000af4   0x00000008   Code   RO         1926    i.Ble_Task_Proc     ble_proc.o
    0x08000afc   0x08000afc   0x00000002   Code   RO          804    i.BusFault_Handler  stm32f4xx_it.o
    0x08000afe   0x08000afe   0x00000010   Code   RO         1795    i.Buzzer_Task_Proc  buzzer_proc.o
    0x08000b0e   0x08000b0e   0x00000002   PAD
    0x08000b10   0x08000b10   0x0000000c   Code   RO          805    i.DMA1_Stream3_IRQHandler  stm32f4xx_it.o
    0x08000b1c   0x08000b1c   0x0000000c   Code   RO          806    i.DMA1_Stream4_IRQHandler  stm32f4xx_it.o
    0x08000b28   0x08000b28   0x0000000c   Code   RO          807    i.DMA1_Stream6_IRQHandler  stm32f4xx_it.o
    0x08000b34   0x08000b34   0x0000000c   Code   RO          808    i.DMA1_Stream7_IRQHandler  stm32f4xx_it.o
    0x08000b40   0x08000b40   0x0000000c   Code   RO          809    i.DMA2_Stream0_IRQHandler  stm32f4xx_it.o
    0x08000b4c   0x08000b4c   0x0000000c   Code   RO          810    i.DMA2_Stream3_IRQHandler  stm32f4xx_it.o
    0x08000b58   0x08000b58   0x0000000c   Code   RO          811    i.DMA2_Stream6_IRQHandler  stm32f4xx_it.o
    0x08000b64   0x08000b64   0x0000000c   Code   RO          812    i.DMA2_Stream7_IRQHandler  stm32f4xx_it.o
    0x08000b70   0x08000b70   0x00000028   Code   RO         2937    i.DMA_CalcBaseAndBitshift  stm32f4xx_hal_dma.o
    0x08000b98   0x08000b98   0x00000054   Code   RO         2938    i.DMA_CheckFifoParam  stm32f4xx_hal_dma.o
    0x08000bec   0x08000bec   0x00000028   Code   RO         2939    i.DMA_SetConfig     stm32f4xx_hal_dma.o
    0x08000c14   0x08000c14   0x00000002   Code   RO          813    i.DebugMon_Handler  stm32f4xx_it.o
    0x08000c16   0x08000c16   0x00000002   PAD
    0x08000c18   0x08000c18   0x00000020   Code   RO         1844    i.Encoder_Task_Proc  motor_proc.o
    0x08000c38   0x08000c38   0x00000004   Code   RO           13    i.Error_Handler     main.o
    0x08000c3c   0x08000c3c   0x00000010   Code   RO         1188    i.Flash_Task_Proc   flash_proc.o
    0x08000c4c   0x08000c4c   0x00000002   Code   RO         2374    i.HAL_ADCEx_InjectedConvCpltCallback  stm32f4xx_hal_adc_ex.o
    0x08000c4e   0x08000c4e   0x00000002   PAD
    0x08000c50   0x08000c50   0x0000014c   Code   RO         2205    i.HAL_ADC_ConfigChannel  stm32f4xx_hal_adc.o
    0x08000d9c   0x08000d9c   0x00000002   Code   RO         2206    i.HAL_ADC_ConvCpltCallback  stm32f4xx_hal_adc.o
    0x08000d9e   0x08000d9e   0x00000002   Code   RO         2209    i.HAL_ADC_ErrorCallback  stm32f4xx_hal_adc.o
    0x08000da0   0x08000da0   0x0000012e   Code   RO         2213    i.HAL_ADC_IRQHandler  stm32f4xx_hal_adc.o
    0x08000ece   0x08000ece   0x00000054   Code   RO         2214    i.HAL_ADC_Init      stm32f4xx_hal_adc.o
    0x08000f22   0x08000f22   0x00000002   Code   RO         2215    i.HAL_ADC_LevelOutOfWindowCallback  stm32f4xx_hal_adc.o
    0x08000f24   0x08000f24   0x00000110   Code   RO          379    i.HAL_ADC_MspInit   adc.o
    0x08001034   0x08001034   0x00000092   Code   RO         2940    i.HAL_DMA_Abort     stm32f4xx_hal_dma.o
    0x080010c6   0x080010c6   0x00000024   Code   RO         2941    i.HAL_DMA_Abort_IT  stm32f4xx_hal_dma.o
    0x080010ea   0x080010ea   0x00000006   Code   RO         2944    i.HAL_DMA_GetState  stm32f4xx_hal_dma.o
    0x080010f0   0x080010f0   0x000001a0   Code   RO         2945    i.HAL_DMA_IRQHandler  stm32f4xx_hal_dma.o
    0x08001290   0x08001290   0x000000d4   Code   RO         2946    i.HAL_DMA_Init      stm32f4xx_hal_dma.o
    0x08001364   0x08001364   0x0000006e   Code   RO         2950    i.HAL_DMA_Start_IT  stm32f4xx_hal_dma.o
    0x080013d2   0x080013d2   0x00000002   PAD
    0x080013d4   0x080013d4   0x00000024   Code   RO         3359    i.HAL_Delay         stm32f4xx_hal.o
    0x080013f8   0x080013f8   0x000001f0   Code   RO         2833    i.HAL_GPIO_Init     stm32f4xx_hal_gpio.o
    0x080015e8   0x080015e8   0x0000000a   Code   RO         2835    i.HAL_GPIO_ReadPin  stm32f4xx_hal_gpio.o
    0x080015f2   0x080015f2   0x0000000a   Code   RO         2837    i.HAL_GPIO_WritePin  stm32f4xx_hal_gpio.o
    0x080015fc   0x080015fc   0x0000000c   Code   RO         3365    i.HAL_GetTick       stm32f4xx_hal.o
    0x08001608   0x08001608   0x00000002   Code   RO         3610    i.HAL_I2C_AbortCpltCallback  stm32f4xx_hal_i2c.o
    0x0800160a   0x0800160a   0x00000002   Code   RO         3611    i.HAL_I2C_AddrCallback  stm32f4xx_hal_i2c.o
    0x0800160c   0x0800160c   0x000000ba   Code   RO         3614    i.HAL_I2C_ER_IRQHandler  stm32f4xx_hal_i2c.o
    0x080016c6   0x080016c6   0x00000230   Code   RO         3615    i.HAL_I2C_EV_IRQHandler  stm32f4xx_hal_i2c.o
    0x080018f6   0x080018f6   0x00000002   Code   RO         3617    i.HAL_I2C_ErrorCallback  stm32f4xx_hal_i2c.o
    0x080018f8   0x080018f8   0x00000188   Code   RO         3621    i.HAL_I2C_Init      stm32f4xx_hal_i2c.o
    0x08001a80   0x08001a80   0x00000002   Code   RO         3623    i.HAL_I2C_ListenCpltCallback  stm32f4xx_hal_i2c.o
    0x08001a82   0x08001a82   0x00000002   Code   RO         3624    i.HAL_I2C_MasterRxCpltCallback  stm32f4xx_hal_i2c.o
    0x08001a84   0x08001a84   0x00000002   Code   RO         3625    i.HAL_I2C_MasterTxCpltCallback  stm32f4xx_hal_i2c.o
    0x08001a86   0x08001a86   0x00000002   Code   RO         3637    i.HAL_I2C_MemRxCpltCallback  stm32f4xx_hal_i2c.o
    0x08001a88   0x08001a88   0x00000002   Code   RO         3638    i.HAL_I2C_MemTxCpltCallback  stm32f4xx_hal_i2c.o
    0x08001a8a   0x08001a8a   0x00000002   PAD
    0x08001a8c   0x08001a8c   0x000001f8   Code   RO         3639    i.HAL_I2C_Mem_Read  stm32f4xx_hal_i2c.o
    0x08001c84   0x08001c84   0x00000130   Code   RO         3642    i.HAL_I2C_Mem_Write  stm32f4xx_hal_i2c.o
    0x08001db4   0x08001db4   0x00000098   Code   RO          451    i.HAL_I2C_MspInit   i2c.o
    0x08001e4c   0x08001e4c   0x00000002   Code   RO         3647    i.HAL_I2C_SlaveRxCpltCallback  stm32f4xx_hal_i2c.o
    0x08001e4e   0x08001e4e   0x00000002   Code   RO         3648    i.HAL_I2C_SlaveTxCpltCallback  stm32f4xx_hal_i2c.o
    0x08001e50   0x08001e50   0x00000010   Code   RO         3371    i.HAL_IncTick       stm32f4xx_hal.o
    0x08001e60   0x08001e60   0x00000034   Code   RO         3372    i.HAL_Init          stm32f4xx_hal.o
    0x08001e94   0x08001e94   0x00000098   Code   RO         1035    i.HAL_InitTick      stm32f4xx_hal_timebase_tim.o
    0x08001f2c   0x08001f2c   0x00000038   Code   RO         1011    i.HAL_MspInit       stm32f4xx_hal_msp.o
    0x08001f64   0x08001f64   0x0000001a   Code   RO         3222    i.HAL_NVIC_EnableIRQ  stm32f4xx_hal_cortex.o
    0x08001f7e   0x08001f7e   0x00000002   PAD
    0x08001f80   0x08001f80   0x00000040   Code   RO         3228    i.HAL_NVIC_SetPriority  stm32f4xx_hal_cortex.o
    0x08001fc0   0x08001fc0   0x00000024   Code   RO         3229    i.HAL_NVIC_SetPriorityGrouping  stm32f4xx_hal_cortex.o
    0x08001fe4   0x08001fe4   0x000000e2   Code   RO         5734    i.HAL_PCD_Init      stm32f4xx_hal_pcd.o
    0x080020c6   0x080020c6   0x00000002   PAD
    0x080020c8   0x080020c8   0x00000074   Code   RO          762    i.HAL_PCD_MspInit   usb_otg.o
    0x0800213c   0x0800213c   0x00000134   Code   RO         2479    i.HAL_RCC_ClockConfig  stm32f4xx_hal_rcc.o
    0x08002270   0x08002270   0x00000040   Code   RO         2483    i.HAL_RCC_GetClockConfig  stm32f4xx_hal_rcc.o
    0x080022b0   0x080022b0   0x00000020   Code   RO         2486    i.HAL_RCC_GetPCLK1Freq  stm32f4xx_hal_rcc.o
    0x080022d0   0x080022d0   0x00000020   Code   RO         2487    i.HAL_RCC_GetPCLK2Freq  stm32f4xx_hal_rcc.o
    0x080022f0   0x080022f0   0x00000060   Code   RO         2488    i.HAL_RCC_GetSysClockFreq  stm32f4xx_hal_rcc.o
    0x08002350   0x08002350   0x0000036c   Code   RO         2491    i.HAL_RCC_OscConfig  stm32f4xx_hal_rcc.o
    0x080026bc   0x080026bc   0x00000002   Code   RO         4067    i.HAL_SPI_ErrorCallback  stm32f4xx_hal_spi.o
    0x080026be   0x080026be   0x00000002   PAD
    0x080026c0   0x080026c0   0x000000fc   Code   RO         4070    i.HAL_SPI_IRQHandler  stm32f4xx_hal_spi.o
    0x080027bc   0x080027bc   0x000000bc   Code   RO         4071    i.HAL_SPI_Init      stm32f4xx_hal_spi.o
    0x08002878   0x08002878   0x00000124   Code   RO          493    i.HAL_SPI_MspInit   spi.o
    0x0800299c   0x0800299c   0x00000166   Code   RO         4079    i.HAL_SPI_Transmit  stm32f4xx_hal_spi.o
    0x08002b02   0x08002b02   0x000001e2   Code   RO         4080    i.HAL_SPI_TransmitReceive  stm32f4xx_hal_spi.o
    0x08002ce4   0x08002ce4   0x00000002   Code   RO         5088    i.HAL_TIMEx_BreakCallback  stm32f4xx_hal_tim_ex.o
    0x08002ce6   0x08002ce6   0x00000002   Code   RO         5089    i.HAL_TIMEx_CommutCallback  stm32f4xx_hal_tim_ex.o
    0x08002ce8   0x08002ce8   0x00000054   Code   RO         5091    i.HAL_TIMEx_ConfigBreakDeadTime  stm32f4xx_hal_tim_ex.o
    0x08002d3c   0x08002d3c   0x00000090   Code   RO         5107    i.HAL_TIMEx_MasterConfigSynchronization  stm32f4xx_hal_tim_ex.o
    0x08002dcc   0x08002dcc   0x0000005a   Code   RO         4384    i.HAL_TIM_Base_Init  stm32f4xx_hal_tim.o
    0x08002e26   0x08002e26   0x00000002   PAD
    0x08002e28   0x08002e28   0x00000100   Code   RO          547    i.HAL_TIM_Base_MspInit  tim.o
    0x08002f28   0x08002f28   0x00000080   Code   RO         4389    i.HAL_TIM_Base_Start_IT  stm32f4xx_hal_tim.o
    0x08002fa8   0x08002fa8   0x000000a4   Code   RO         4405    i.HAL_TIM_Encoder_Init  stm32f4xx_hal_tim.o
    0x0800304c   0x0800304c   0x000000dc   Code   RO          549    i.HAL_TIM_Encoder_MspInit  tim.o
    0x08003128   0x08003128   0x0000008e   Code   RO         4408    i.HAL_TIM_Encoder_Start  stm32f4xx_hal_tim.o
    0x080031b6   0x080031b6   0x00000002   Code   RO         4418    i.HAL_TIM_IC_CaptureCallback  stm32f4xx_hal_tim.o
    0x080031b8   0x080031b8   0x0000011e   Code   RO         4420    i.HAL_TIM_IC_ConfigChannel  stm32f4xx_hal_tim.o
    0x080032d6   0x080032d6   0x0000005a   Code   RO         4423    i.HAL_TIM_IC_Init   stm32f4xx_hal_tim.o
    0x08003330   0x08003330   0x00000002   Code   RO         4425    i.HAL_TIM_IC_MspInit  stm32f4xx_hal_tim.o
    0x08003332   0x08003332   0x00000166   Code   RO         4432    i.HAL_TIM_IRQHandler  stm32f4xx_hal_tim.o
    0x08003498   0x08003498   0x00000130   Code   RO          550    i.HAL_TIM_MspPostInit  tim.o
    0x080035c8   0x080035c8   0x00000002   Code   RO         4435    i.HAL_TIM_OC_DelayElapsedCallback  stm32f4xx_hal_tim.o
    0x080035ca   0x080035ca   0x000000cc   Code   RO         4456    i.HAL_TIM_PWM_ConfigChannel  stm32f4xx_hal_tim.o
    0x08003696   0x08003696   0x0000005a   Code   RO         4459    i.HAL_TIM_PWM_Init  stm32f4xx_hal_tim.o
    0x080036f0   0x080036f0   0x000000ac   Code   RO          552    i.HAL_TIM_PWM_MspInit  tim.o
    0x0800379c   0x0800379c   0x00000002   Code   RO         4462    i.HAL_TIM_PWM_PulseFinishedCallback  stm32f4xx_hal_tim.o
    0x0800379e   0x0800379e   0x00000002   PAD
    0x080037a0   0x080037a0   0x000000c8   Code   RO         4464    i.HAL_TIM_PWM_Start  stm32f4xx_hal_tim.o
    0x08003868   0x08003868   0x0000007c   Code   RO         4467    i.HAL_TIM_PWM_Stop  stm32f4xx_hal_tim.o
    0x080038e4   0x080038e4   0x00000030   Code   RO           14    i.HAL_TIM_PeriodElapsedCallback  main.o
    0x08003914   0x08003914   0x00000056   Code   RO         4473    i.HAL_TIM_SlaveConfigSynchro  stm32f4xx_hal_tim.o
    0x0800396a   0x0800396a   0x00000002   Code   RO         4475    i.HAL_TIM_TriggerCallback  stm32f4xx_hal_tim.o
    0x0800396c   0x0800396c   0x00000056   Code   RO         5364    i.HAL_UARTEx_ReceiveToIdle_DMA  stm32f4xx_hal_uart.o
    0x080039c2   0x080039c2   0x00000002   PAD
    0x080039c4   0x080039c4   0x00000108   Code   RO           15    i.HAL_UARTEx_RxEventCallback  main.o
    0x08003acc   0x08003acc   0x00000002   Code   RO         5380    i.HAL_UART_ErrorCallback  stm32f4xx_hal_uart.o
    0x08003ace   0x08003ace   0x00000002   PAD
    0x08003ad0   0x08003ad0   0x00000268   Code   RO         5383    i.HAL_UART_IRQHandler  stm32f4xx_hal_uart.o
    0x08003d38   0x08003d38   0x00000062   Code   RO         5384    i.HAL_UART_Init     stm32f4xx_hal_uart.o
    0x08003d9a   0x08003d9a   0x00000002   PAD
    0x08003d9c   0x08003d9c   0x000004d4   Code   RO          679    i.HAL_UART_MspInit  usart.o
    0x08004270   0x08004270   0x00000002   Code   RO         5390    i.HAL_UART_RxCpltCallback  stm32f4xx_hal_uart.o
    0x08004272   0x08004272   0x00000002   Code   RO         5391    i.HAL_UART_RxHalfCpltCallback  stm32f4xx_hal_uart.o
    0x08004274   0x08004274   0x000000b2   Code   RO         5392    i.HAL_UART_Transmit  stm32f4xx_hal_uart.o
    0x08004326   0x08004326   0x00000002   PAD
    0x08004328   0x08004328   0x0000008c   Code   RO         5393    i.HAL_UART_Transmit_DMA  stm32f4xx_hal_uart.o
    0x080043b4   0x080043b4   0x00000002   Code   RO         5395    i.HAL_UART_TxCpltCallback  stm32f4xx_hal_uart.o
    0x080043b6   0x080043b6   0x00000002   Code   RO         5396    i.HAL_UART_TxHalfCpltCallback  stm32f4xx_hal_uart.o
    0x080043b8   0x080043b8   0x00000002   Code   RO          814    i.HardFault_Handler  stm32f4xx_it.o
    0x080043ba   0x080043ba   0x00000002   PAD
    0x080043bc   0x080043bc   0x0000000c   Code   RO          815    i.I2C1_ER_IRQHandler  stm32f4xx_it.o
    0x080043c8   0x080043c8   0x0000000c   Code   RO          816    i.I2C1_EV_IRQHandler  stm32f4xx_it.o
    0x080043d4   0x080043d4   0x000000bc   Code   RO         3659    i.I2C_DMAAbort      stm32f4xx_hal_i2c.o
    0x08004490   0x08004490   0x00000158   Code   RO         3662    i.I2C_ITError       stm32f4xx_hal_i2c.o
    0x080045e8   0x080045e8   0x0000002e   Code   RO         3663    i.I2C_IsAcknowledgeFailed  stm32f4xx_hal_i2c.o
    0x08004616   0x08004616   0x000000d2   Code   RO         3664    i.I2C_MasterReceive_BTF  stm32f4xx_hal_i2c.o
    0x080046e8   0x080046e8   0x000000e8   Code   RO         3665    i.I2C_MasterReceive_RXNE  stm32f4xx_hal_i2c.o
    0x080047d0   0x080047d0   0x00000082   Code   RO         3668    i.I2C_MasterTransmit_BTF  stm32f4xx_hal_i2c.o
    0x08004852   0x08004852   0x00000002   PAD
    0x08004854   0x08004854   0x000000b6   Code   RO         3669    i.I2C_MasterTransmit_TXE  stm32f4xx_hal_i2c.o
    0x0800490a   0x0800490a   0x00000002   PAD
    0x0800490c   0x0800490c   0x00000118   Code   RO         3670    i.I2C_Master_ADDR   stm32f4xx_hal_i2c.o
    0x08004a24   0x08004a24   0x0000008c   Code   RO         3671    i.I2C_Master_SB     stm32f4xx_hal_i2c.o
    0x08004ab0   0x08004ab0   0x000000a0   Code   RO         3672    i.I2C_MemoryTransmit_TXE_BTF  stm32f4xx_hal_i2c.o
    0x08004b50   0x08004b50   0x0000001c   Code   RO         2129    i.I2C_Read          mpu6050.o
    0x08004b6c   0x08004b6c   0x000000fc   Code   RO         3673    i.I2C_RequestMemoryRead  stm32f4xx_hal_i2c.o
    0x08004c68   0x08004c68   0x000000a8   Code   RO         3674    i.I2C_RequestMemoryWrite  stm32f4xx_hal_i2c.o
    0x08004d10   0x08004d10   0x00000046   Code   RO         3675    i.I2C_Slave_ADDR    stm32f4xx_hal_i2c.o
    0x08004d56   0x08004d56   0x00000002   PAD
    0x08004d58   0x08004d58   0x00000084   Code   RO         3676    i.I2C_Slave_AF      stm32f4xx_hal_i2c.o
    0x08004ddc   0x08004ddc   0x0000015c   Code   RO         3677    i.I2C_Slave_STOPF   stm32f4xx_hal_i2c.o
    0x08004f38   0x08004f38   0x0000004c   Code   RO         3678    i.I2C_WaitOnBTFFlagUntilTimeout  stm32f4xx_hal_i2c.o
    0x08004f84   0x08004f84   0x00000068   Code   RO         3679    i.I2C_WaitOnFlagUntilTimeout  stm32f4xx_hal_i2c.o
    0x08004fec   0x08004fec   0x00000096   Code   RO         3680    i.I2C_WaitOnMasterAddressFlagUntilTimeout  stm32f4xx_hal_i2c.o
    0x08005082   0x08005082   0x00000066   Code   RO         3681    i.I2C_WaitOnRXNEFlagUntilTimeout  stm32f4xx_hal_i2c.o
    0x080050e8   0x080050e8   0x0000004c   Code   RO         3682    i.I2C_WaitOnTXEFlagUntilTimeout  stm32f4xx_hal_i2c.o
    0x08005134   0x08005134   0x00000020   Code   RO         2130    i.I2C_Write         mpu6050.o
    0x08005154   0x08005154   0x00000008   Code   RO         1360    i.K210_Task_Proc    k210_proc.o
    0x0800515c   0x0800515c   0x00000058   Code   RO         1391    i.Key_Scan          key_proc.o
    0x080051b4   0x080051b4   0x000000d4   Code   RO         1392    i.Key_Task_Proc     key_proc.o
    0x08005288   0x08005288   0x0000003a   Code   RO         1956    i.LCD_Address_Set   lcd_init.o
    0x080052c2   0x080052c2   0x00000002   PAD
    0x080052c4   0x080052c4   0x0000006c   Code   RO         1431    i.LCD_Chinese16ForFile  lcd_proc.o
    0x08005330   0x08005330   0x00000012   Code   RO         1433    i.LCD_Clear         lcd_proc.o
    0x08005342   0x08005342   0x00000016   Code   RO         1435    i.LCD_DrawPoint     lcd_proc.o
    0x08005358   0x08005358   0x0000003e   Code   RO         1437    i.LCD_Fill          lcd_proc.o
    0x08005396   0x08005396   0x00000002   PAD
    0x08005398   0x08005398   0x00000054   Code   RO         1438    i.LCD_Image         lcd_proc.o
    0x080053ec   0x080053ec   0x00000200   Code   RO         1957    i.LCD_Init          lcd_init.o
    0x080055ec   0x080055ec   0x0000010c   Code   RO         1439    i.LCD_ShowChar      lcd_proc.o
    0x080056f8   0x080056f8   0x0000003a   Code   RO         1442    i.LCD_ShowString    lcd_proc.o
    0x08005732   0x08005732   0x00000002   PAD
    0x08005734   0x08005734   0x00000688   Code   RO         1443    i.LCD_Task_Proc     lcd_proc.o
    0x08005dbc   0x08005dbc   0x00000014   Code   RO         1958    i.LCD_WR_DATA       lcd_init.o
    0x08005dd0   0x08005dd0   0x00000028   Code   RO         1960    i.LCD_WR_REG        lcd_init.o
    0x08005df8   0x08005df8   0x00000030   Code   RO         1961    i.LCD_Writ_Bus      lcd_init.o
    0x08005e28   0x08005e28   0x00000168   Code   RO         1590    i.MPU6050_Task_Proc  mpu6050_proc.o
    0x08005f90   0x08005f90   0x0000007c   Code   RO         2132    i.MPU_6050_Init     mpu6050.o
    0x0800600c   0x0800600c   0x00000032   Code   RO         2133    i.MPU_Set_LPF       mpu6050.o
    0x0800603e   0x0800603e   0x00000002   PAD
    0x08006040   0x08006040   0x00000064   Code   RO          380    i.MX_ADC1_Init      adc.o
    0x080060a4   0x080060a4   0x00000064   Code   RO          381    i.MX_ADC2_Init      adc.o
    0x08006108   0x08006108   0x000000ac   Code   RO          426    i.MX_DMA_Init       dma.o
    0x080061b4   0x080061b4   0x00000470   Code   RO          314    i.MX_FREERTOS_Init  freertos.o
    0x08006624   0x08006624   0x00000164   Code   RO          290    i.MX_GPIO_Init      gpio.o
    0x08006788   0x08006788   0x00000040   Code   RO          452    i.MX_I2C1_Init      i2c.o
    0x080067c8   0x080067c8   0x00000048   Code   RO          494    i.MX_SPI1_Init      spi.o
    0x08006810   0x08006810   0x00000040   Code   RO          495    i.MX_SPI2_Init      spi.o
    0x08006850   0x08006850   0x00000068   Code   RO          553    i.MX_TIM10_Init     tim.o
    0x080068b8   0x080068b8   0x00000068   Code   RO          554    i.MX_TIM11_Init     tim.o
    0x08006920   0x08006920   0x0000005c   Code   RO          555    i.MX_TIM12_Init     tim.o
    0x0800697c   0x0800697c   0x00000034   Code   RO          556    i.MX_TIM13_Init     tim.o
    0x080069b0   0x080069b0   0x000000d0   Code   RO          557    i.MX_TIM1_Init      tim.o
    0x08006a80   0x08006a80   0x00000068   Code   RO          558    i.MX_TIM2_Init      tim.o
    0x08006ae8   0x08006ae8   0x0000006c   Code   RO          559    i.MX_TIM3_Init      tim.o
    0x08006b54   0x08006b54   0x00000080   Code   RO          560    i.MX_TIM4_Init      tim.o
    0x08006bd4   0x08006bd4   0x00000044   Code   RO          561    i.MX_TIM7_Init      tim.o
    0x08006c18   0x08006c18   0x000000b4   Code   RO          562    i.MX_TIM8_Init      tim.o
    0x08006ccc   0x08006ccc   0x0000009c   Code   RO          563    i.MX_TIM9_Init      tim.o
    0x08006d68   0x08006d68   0x00000038   Code   RO          680    i.MX_UART4_Init     usart.o
    0x08006da0   0x08006da0   0x00000038   Code   RO          681    i.MX_UART5_Init     usart.o
    0x08006dd8   0x08006dd8   0x00000038   Code   RO          682    i.MX_USART1_UART_Init  usart.o
    0x08006e10   0x08006e10   0x00000038   Code   RO          683    i.MX_USART2_UART_Init  usart.o
    0x08006e48   0x08006e48   0x00000038   Code   RO          684    i.MX_USART3_UART_Init  usart.o
    0x08006e80   0x08006e80   0x00000038   Code   RO          685    i.MX_USART6_UART_Init  usart.o
    0x08006eb8   0x08006eb8   0x00000038   Code   RO          763    i.MX_USB_OTG_FS_PCD_Init  usb_otg.o
    0x08006ef0   0x08006ef0   0x00000002   Code   RO          817    i.MemManage_Handler  stm32f4xx_it.o
    0x08006ef2   0x08006ef2   0x00000002   PAD
    0x08006ef4   0x08006ef4   0x00000048   Code   RO         1845    i.Motor_Encoder_Init  motor_proc.o
    0x08006f3c   0x08006f3c   0x0000008c   Code   RO         1846    i.Motor_Get_Value   motor_proc.o
    0x08006fc8   0x08006fc8   0x0000004c   Code   RO         1847    i.Motor_Init        motor_proc.o
    0x08007014   0x08007014   0x00000088   Code   RO         1848    i.Motor_Speed_Set   motor_proc.o
    0x0800709c   0x0800709c   0x00000088   Code   RO         1849    i.Motor_Task_Proc   motor_proc.o
    0x08007124   0x08007124   0x00000056   Code   RO         1797    i.Music_Play_StartUp  buzzer_proc.o
    0x0800717a   0x0800717a   0x00000002   Code   RO          818    i.NMI_Handler       stm32f4xx_it.o
    0x0800717c   0x0800717c   0x0000006c   Code   RO         1631    i.OpenMV_Task_Proc  openmv_proc.o
    0x080071e8   0x080071e8   0x000000f4   Code   RO         1329    i.PC_Task_Proc      pc_proc.o
    0x080072dc   0x080072dc   0x00000034   Code   RO         8994    i.PID_angelInit     simplepid.o
    0x08007310   0x08007310   0x00000038   Code   RO         8995    i.PID_positionInit  simplepid.o
    0x08007348   0x08007348   0x00000042   Code   RO         8996    i.PID_realize       simplepid.o
    0x0800738a   0x0800738a   0x00000002   PAD
    0x0800738c   0x0800738c   0x00000038   Code   RO         1663    i.RGB_Show_Proc     rgb_proc.o
    0x080073c4   0x080073c4   0x0000002c   Code   RO         1664    i.RGB_Task_Proc     rgb_proc.o
    0x080073f0   0x080073f0   0x00000044   Code   RO         2134    i.Read_Mpu_Accel    mpu6050.o
    0x08007434   0x08007434   0x00000044   Code   RO         2135    i.Read_Mpu_Gyro     mpu6050.o
    0x08007478   0x08007478   0x0000000c   Code   RO          819    i.SPI1_IRQHandler   stm32f4xx_it.o
    0x08007484   0x08007484   0x0000000c   Code   RO          820    i.SPI2_IRQHandler   stm32f4xx_it.o
    0x08007490   0x08007490   0x00000010   Code   RO         4098    i.SPI_DMAAbortOnError  stm32f4xx_hal_spi.o
    0x080074a0   0x080074a0   0x00000058   Code   RO         4109    i.SPI_EndRxTxTransaction  stm32f4xx_hal_spi.o
    0x080074f8   0x080074f8   0x000000b8   Code   RO         4114    i.SPI_WaitFlagStateUntilTimeout  stm32f4xx_hal_spi.o
    0x080075b0   0x080075b0   0x00000148   Code   RO         1700    i.Sbus_Channels_Proc  sbus_proc.o
    0x080076f8   0x080076f8   0x0000000c   Code   RO         1701    i.Sbus_Task_Proc    sbus_proc.o
    0x08007704   0x08007704   0x00000034   Code   RO         1703    i.Sbus_Uart6_IDLE_Proc  sbus_proc.o
    0x08007738   0x08007738   0x0000026c   Code   RO         1748    i.Servo_Diver       servo_proc.o
    0x080079a4   0x080079a4   0x00000074   Code   RO         1749    i.Servo_Enable_All  servo_proc.o
    0x08007a18   0x08007a18   0x00000048   Code   RO         1750    i.Servo_Task_Proc   servo_proc.o
    0x08007a60   0x08007a60   0x00000030   Code   RO         2136    i.Set_Mpu_Rate      mpu6050.o
    0x08007a90   0x08007a90   0x0000002c   Code   RO         7872    i.SysTick_Handler   port.o
    0x08007abc   0x08007abc   0x00000094   Code   RO           16    i.SystemClock_Config  main.o
    0x08007b50   0x08007b50   0x00000010   Code   RO         6298    i.SystemInit        system_stm32f4xx.o
    0x08007b60   0x08007b60   0x0000001c   Code   RO          821    i.TIM1_BRK_TIM9_IRQHandler  stm32f4xx_it.o
    0x08007b7c   0x08007b7c   0x0000000c   Code   RO          822    i.TIM1_CC_IRQHandler  stm32f4xx_it.o
    0x08007b88   0x08007b88   0x0000000c   Code   RO          823    i.TIM3_IRQHandler   stm32f4xx_it.o
    0x08007b94   0x08007b94   0x0000000c   Code   RO          824    i.TIM6_DAC_IRQHandler  stm32f4xx_it.o
    0x08007ba0   0x08007ba0   0x0000000c   Code   RO          825    i.TIM7_IRQHandler   stm32f4xx_it.o
    0x08007bac   0x08007bac   0x0000001c   Code   RO          826    i.TIM8_UP_TIM13_IRQHandler  stm32f4xx_it.o
    0x08007bc8   0x08007bc8   0x000000c8   Code   RO         4477    i.TIM_Base_SetConfig  stm32f4xx_hal_tim.o
    0x08007c90   0x08007c90   0x0000001a   Code   RO         4478    i.TIM_CCxChannelCmd  stm32f4xx_hal_tim.o
    0x08007caa   0x08007caa   0x00000014   Code   RO         4488    i.TIM_ETR_SetConfig  stm32f4xx_hal_tim.o
    0x08007cbe   0x08007cbe   0x00000002   PAD
    0x08007cc0   0x08007cc0   0x00000060   Code   RO         4490    i.TIM_OC1_SetConfig  stm32f4xx_hal_tim.o
    0x08007d20   0x08007d20   0x0000006c   Code   RO         4491    i.TIM_OC2_SetConfig  stm32f4xx_hal_tim.o
    0x08007d8c   0x08007d8c   0x00000068   Code   RO         4492    i.TIM_OC3_SetConfig  stm32f4xx_hal_tim.o
    0x08007df4   0x08007df4   0x00000050   Code   RO         4493    i.TIM_OC4_SetConfig  stm32f4xx_hal_tim.o
    0x08007e44   0x08007e44   0x0000008c   Code   RO         4494    i.TIM_SlaveTimer_SetConfig  stm32f4xx_hal_tim.o
    0x08007ed0   0x08007ed0   0x00000022   Code   RO         4495    i.TIM_TI1_ConfigInputStage  stm32f4xx_hal_tim.o
    0x08007ef2   0x08007ef2   0x00000002   PAD
    0x08007ef4   0x08007ef4   0x00000080   Code   RO         4496    i.TIM_TI1_SetConfig  stm32f4xx_hal_tim.o
    0x08007f74   0x08007f74   0x00000024   Code   RO         4497    i.TIM_TI2_ConfigInputStage  stm32f4xx_hal_tim.o
    0x08007f98   0x08007f98   0x00000036   Code   RO         4498    i.TIM_TI2_SetConfig  stm32f4xx_hal_tim.o
    0x08007fce   0x08007fce   0x00000002   PAD
    0x08007fd0   0x08007fd0   0x0000000c   Code   RO          827    i.UART4_IRQHandler  stm32f4xx_it.o
    0x08007fdc   0x08007fdc   0x0000000c   Code   RO          828    i.UART5_IRQHandler  stm32f4xx_it.o
    0x08007fe8   0x08007fe8   0x00000010   Code   RO         5397    i.UART_DMAAbortOnError  stm32f4xx_hal_uart.o
    0x08007ff8   0x08007ff8   0x0000004a   Code   RO         5398    i.UART_DMAError     stm32f4xx_hal_uart.o
    0x08008042   0x08008042   0x00000082   Code   RO         5399    i.UART_DMAReceiveCplt  stm32f4xx_hal_uart.o
    0x080080c4   0x080080c4   0x0000001a   Code   RO         5401    i.UART_DMARxHalfCplt  stm32f4xx_hal_uart.o
    0x080080de   0x080080de   0x00000042   Code   RO         5403    i.UART_DMATransmitCplt  stm32f4xx_hal_uart.o
    0x08008120   0x08008120   0x0000000a   Code   RO         5405    i.UART_DMATxHalfCplt  stm32f4xx_hal_uart.o
    0x0800812a   0x0800812a   0x0000004e   Code   RO         5407    i.UART_EndRxTransfer  stm32f4xx_hal_uart.o
    0x08008178   0x08008178   0x0000001c   Code   RO         5408    i.UART_EndTxTransfer  stm32f4xx_hal_uart.o
    0x08008194   0x08008194   0x000000c0   Code   RO         5409    i.UART_Receive_IT   stm32f4xx_hal_uart.o
    0x08008254   0x08008254   0x0000010c   Code   RO         5410    i.UART_SetConfig    stm32f4xx_hal_uart.o
    0x08008360   0x08008360   0x00000094   Code   RO         5411    i.UART_Start_Receive_DMA  stm32f4xx_hal_uart.o
    0x080083f4   0x080083f4   0x00000078   Code   RO         5413    i.UART_WaitOnFlagUntilTimeout  stm32f4xx_hal_uart.o
    0x0800846c   0x0800846c   0x0000000c   Code   RO          829    i.USART1_IRQHandler  stm32f4xx_it.o
    0x08008478   0x08008478   0x0000000c   Code   RO          830    i.USART2_IRQHandler  stm32f4xx_it.o
    0x08008484   0x08008484   0x0000000c   Code   RO          831    i.USART3_IRQHandler  stm32f4xx_it.o
    0x08008490   0x08008490   0x0000000c   Code   RO          832    i.USART6_IRQHandler  stm32f4xx_it.o
    0x0800849c   0x0800849c   0x00000074   Code   RO         5997    i.USB_CoreInit      stm32f4xx_ll_usb.o
    0x08008510   0x08008510   0x00000040   Code   RO         5998    i.USB_CoreReset     stm32f4xx_ll_usb.o
    0x08008550   0x08008550   0x0000001c   Code   RO         6003    i.USB_DevDisconnect  stm32f4xx_ll_usb.o
    0x0800856c   0x0800856c   0x00000174   Code   RO         6004    i.USB_DevInit       stm32f4xx_ll_usb.o
    0x080086e0   0x080086e0   0x0000000c   Code   RO         6005    i.USB_DisableGlobalInt  stm32f4xx_ll_usb.o
    0x080086ec   0x080086ec   0x0000003c   Code   RO         6015    i.USB_FlushRxFifo   stm32f4xx_ll_usb.o
    0x08008728   0x08008728   0x00000040   Code   RO         6016    i.USB_FlushTxFifo   stm32f4xx_ll_usb.o
    0x08008768   0x08008768   0x0000005c   Code   RO         6034    i.USB_SetCurrentMode  stm32f4xx_ll_usb.o
    0x080087c4   0x080087c4   0x00000002   Code   RO          833    i.UsageFault_Handler  stm32f4xx_it.o
    0x080087c6   0x080087c6   0x00000002   PAD
    0x080087c8   0x080087c8   0x00000050   Code   RO         1191    i.W25QXX_Init       flash_proc.o
    0x08008818   0x08008818   0x00000058   Code   RO         1194    i.W25QXX_ReadCapacity  flash_proc.o
    0x08008870   0x08008870   0x0000004c   Code   RO         1195    i.W25QXX_ReadID     flash_proc.o
    0x080088bc   0x080088bc   0x00000050   Code   RO         1197    i.W25QXX_ReadUniqueID  flash_proc.o
    0x0800890c   0x0800890c   0x0000002c   Code   RO         1198    i.W25QXX_SPI_ReadWriteByte  flash_proc.o
    0x08008938   0x08008938   0x00000020   Code   RO        10059    i.__0printf         mc_w.l(printfa.o)
    0x08008958   0x08008958   0x00000028   Code   RO        10061    i.__0sprintf        mc_w.l(printfa.o)
    0x08008980   0x08008980   0x00000026   Code   RO        10143    i.__ARM_fpclassifyf  m_wm.l(fpclassifyf.o)
    0x080089a6   0x080089a6   0x00000020   Code   RO         3235    i.__NVIC_SetPriority  stm32f4xx_hal_cortex.o
    0x080089c6   0x080089c6   0x00000002   PAD
    0x080089c8   0x080089c8   0x0000012c   Code   RO         9707    i.__hardfp_asinf    m_wm.l(asinf.o)
    0x08008af4   0x08008af4   0x000002ac   Code   RO         9719    i.__hardfp_atan2f   m_wm.l(atan2f.o)
    0x08008da0   0x08008da0   0x00000006   Code   RO        10146    i.__mathlib_flt_infnan  m_wm.l(funder.o)
    0x08008da6   0x08008da6   0x00000006   Code   RO        10147    i.__mathlib_flt_infnan2  m_wm.l(funder.o)
    0x08008dac   0x08008dac   0x00000010   Code   RO        10148    i.__mathlib_flt_invalid  m_wm.l(funder.o)
    0x08008dbc   0x08008dbc   0x00000010   Code   RO        10151    i.__mathlib_flt_underflow  m_wm.l(funder.o)
    0x08008dcc   0x08008dcc   0x0000000e   Code   RO        10224    i.__scatterload_copy  mc_w.l(handlers.o)
    0x08008dda   0x08008dda   0x00000002   Code   RO        10225    i.__scatterload_null  mc_w.l(handlers.o)
    0x08008ddc   0x08008ddc   0x0000000e   Code   RO        10226    i.__scatterload_zeroinit  mc_w.l(handlers.o)
    0x08008dea   0x08008dea   0x00000002   PAD
    0x08008dec   0x08008dec   0x0000000c   Code   RO        10191    i.__set_errno       mc_w.l(errno.o)
    0x08008df8   0x08008df8   0x00000184   Code   RO        10066    i._fp_digits        mc_w.l(printfa.o)
    0x08008f7c   0x08008f7c   0x000006b4   Code   RO        10067    i._printf_core      mc_w.l(printfa.o)
    0x08009630   0x08009630   0x00000024   Code   RO        10068    i._printf_post_padding  mc_w.l(printfa.o)
    0x08009654   0x08009654   0x0000002e   Code   RO        10069    i._printf_pre_padding  mc_w.l(printfa.o)
    0x08009682   0x08009682   0x0000000a   Code   RO        10071    i._sputc            mc_w.l(printfa.o)
    0x0800968c   0x0800968c   0x00000018   Code   RO          315    i.configureTimerForRunTimeStats  freertos.o
    0x080096a4   0x080096a4   0x00000014   Code   RO         1963    i.delay_ms          lcd_init.o
    0x080096b8   0x080096b8   0x00000074   Code   RO         1798    i.driveBuzzer       buzzer_proc.o
    0x0800972c   0x0800972c   0x00000074   Code   RO         6884    i.eTaskGetState     tasks.o
    0x080097a0   0x080097a0   0x00000020   Code   RO          686    i.fputc             usart.o
    0x080097c0   0x080097c0   0x0000000c   Code   RO          316    i.getRunTimeCounterValue  freertos.o
    0x080097cc   0x080097cc   0x000002c8   Code   RO         1591    i.imuUpdate         mpu6050_proc.o
    0x08009a94   0x08009a94   0x0000002c   Code   RO         1592    i.invSqrt           mpu6050_proc.o
    0x08009ac0   0x08009ac0   0x00000104   Code   RO           17    i.main              main.o
    0x08009bc4   0x08009bc4   0x0000000c   Code   RO         7446    i.makeFreeRtosPriority  cmsis_os.o
    0x08009bd0   0x08009bd0   0x0000000e   Code   RO         7448    i.osDelay           cmsis_os.o
    0x08009bde   0x08009bde   0x0000000a   Code   RO         7451    i.osKernelStart     cmsis_os.o
    0x08009be8   0x08009be8   0x00000054   Code   RO         7485    i.osThreadCreate    cmsis_os.o
    0x08009c3c   0x08009c3c   0x00000070   Code   RO         6886    i.prvAddCurrentTaskToDelayedList  tasks.o
    0x08009cac   0x08009cac   0x000000d0   Code   RO         6887    i.prvAddNewTaskToReadyList  tasks.o
    0x08009d7c   0x08009d7c   0x00000058   Code   RO         7285    i.prvCheckForValidListAndQueue  timers.o
    0x08009dd4   0x08009dd4   0x00000026   Code   RO         6519    i.prvCopyDataFromQueue  queue.o
    0x08009dfa   0x08009dfa   0x0000006c   Code   RO         6520    i.prvCopyDataToQueue  queue.o
    0x08009e66   0x08009e66   0x00000034   Code   RO         6888    i.prvDeleteTCB      tasks.o
    0x08009e9a   0x08009e9a   0x00000002   PAD
    0x08009e9c   0x08009e9c   0x0000004c   Code   RO         7816    i.prvHeapInit       heap_4.o
    0x08009ee8   0x08009ee8   0x00000060   Code   RO         6889    i.prvIdleTask       tasks.o
    0x08009f48   0x08009f48   0x00000022   Code   RO         6522    i.prvInitialiseNewQueue  queue.o
    0x08009f6a   0x08009f6a   0x00000002   PAD
    0x08009f6c   0x08009f6c   0x000000b4   Code   RO         6890    i.prvInitialiseNewTask  tasks.o
    0x0800a020   0x0800a020   0x0000004c   Code   RO         7817    i.prvInsertBlockIntoFreeList  heap_4.o
    0x0800a06c   0x0800a06c   0x00000038   Code   RO         7287    i.prvInsertTimerInActiveList  timers.o
    0x0800a0a4   0x0800a0a4   0x0000001c   Code   RO         6523    i.prvIsQueueEmpty   queue.o
    0x0800a0c0   0x0800a0c0   0x00000058   Code   RO         6891    i.prvListTasksWithinSingleList  tasks.o
    0x0800a118   0x0800a118   0x000000f0   Code   RO         7288    i.prvProcessReceivedCommands  timers.o
    0x0800a208   0x0800a208   0x000000c0   Code   RO         7289    i.prvProcessTimerOrBlockTask  timers.o
    0x0800a2c8   0x0800a2c8   0x00000020   Code   RO         6892    i.prvResetNextTaskUnblockTime  tasks.o
    0x0800a2e8   0x0800a2e8   0x00000028   Code   RO         7290    i.prvSampleTimeNow  timers.o
    0x0800a310   0x0800a310   0x0000006c   Code   RO         7291    i.prvSwitchTimerLists  timers.o
    0x0800a37c   0x0800a37c   0x00000028   Code   RO         7873    i.prvTaskExitError  port.o
    0x0800a3a4   0x0800a3a4   0x00000024   Code   RO         7292    i.prvTimerTask      timers.o
    0x0800a3c8   0x0800a3c8   0x0000006a   Code   RO         6524    i.prvUnlockQueue    queue.o
    0x0800a432   0x0800a432   0x00000022   Code   RO         6894    i.prvWriteNameToBuffer  tasks.o
    0x0800a454   0x0800a454   0x000000dc   Code   RO         7818    i.pvPortMalloc      heap_4.o
    0x0800a530   0x0800a530   0x0000002c   Code   RO         7874    i.pxPortInitialiseStack  port.o
    0x0800a55c   0x0800a55c   0x0000003e   Code   RO         9783    i.sqrtf             m_wm.l(sqrtf.o)
    0x0800a59a   0x0800a59a   0x00000026   Code   RO         6479    i.uxListRemove      list.o
    0x0800a5c0   0x0800a5c0   0x000000ac   Code   RO         6899    i.uxTaskGetSystemState  tasks.o
    0x0800a66c   0x0800a66c   0x00000014   Code   RO          317    i.vApplicationGetIdleTaskMemory  freertos.o
    0x0800a680   0x0800a680   0x00000018   Code   RO          318    i.vApplicationGetTimerTaskMemory  freertos.o
    0x0800a698   0x0800a698   0x00000016   Code   RO         6480    i.vListInitialise   list.o
    0x0800a6ae   0x0800a6ae   0x00000006   Code   RO         6481    i.vListInitialiseItem  list.o
    0x0800a6b4   0x0800a6b4   0x00000030   Code   RO         6482    i.vListInsert       list.o
    0x0800a6e4   0x0800a6e4   0x00000018   Code   RO         6483    i.vListInsertEnd    list.o
    0x0800a6fc   0x0800a6fc   0x00000040   Code   RO         7876    i.vPortEnterCritical  port.o
    0x0800a73c   0x0800a73c   0x00000028   Code   RO         7877    i.vPortExitCritical  port.o
    0x0800a764   0x0800a764   0x00000064   Code   RO         7819    i.vPortFree         heap_4.o
    0x0800a7c8   0x0800a7c8   0x00000024   Code   RO         7878    i.vPortSetupTimerInterrupt  port.o
    0x0800a7ec   0x0800a7ec   0x00000054   Code   RO         7879    i.vPortValidateInterruptPriority  port.o
    0x0800a840   0x0800a840   0x00000028   Code   RO         6530    i.vQueueAddToRegistry  queue.o
    0x0800a868   0x0800a868   0x00000044   Code   RO         6534    i.vQueueWaitForMessageRestricted  queue.o
    0x0800a8ac   0x0800a8ac   0x0000004c   Code   RO         6904    i.vTaskDelay        tasks.o
    0x0800a8f8   0x0800a8f8   0x00000084   Code   RO         6908    i.vTaskGetInfo      tasks.o
    0x0800a97c   0x0800a97c   0x000000a4   Code   RO         6909    i.vTaskGetRunTimeStats  tasks.o
    0x0800aa20   0x0800aa20   0x00000010   Code   RO         6910    i.vTaskInternalSetTimeOutState  tasks.o
    0x0800aa30   0x0800aa30   0x000000ac   Code   RO         6911    i.vTaskList         tasks.o
    0x0800aadc   0x0800aadc   0x0000000c   Code   RO         6912    i.vTaskMissedYield  tasks.o
    0x0800aae8   0x0800aae8   0x00000030   Code   RO         6914    i.vTaskPlaceOnEventList  tasks.o
    0x0800ab18   0x0800ab18   0x00000038   Code   RO         6915    i.vTaskPlaceOnEventListRestricted  tasks.o
    0x0800ab50   0x0800ab50   0x0000008c   Code   RO         6924    i.vTaskStartScheduler  tasks.o
    0x0800abdc   0x0800abdc   0x00000010   Code   RO         6926    i.vTaskSuspendAll   tasks.o
    0x0800abec   0x0800abec   0x00000074   Code   RO         6927    i.vTaskSwitchContext  tasks.o
    0x0800ac60   0x0800ac60   0x000000f4   Code   RO         7880    i.xPortStartScheduler  port.o
    0x0800ad54   0x0800ad54   0x00000066   Code   RO         6538    i.xQueueGenericCreateStatic  queue.o
    0x0800adba   0x0800adba   0x00000002   PAD
    0x0800adbc   0x0800adbc   0x00000088   Code   RO         6539    i.xQueueGenericReset  queue.o
    0x0800ae44   0x0800ae44   0x00000160   Code   RO         6540    i.xQueueGenericSend  queue.o
    0x0800afa4   0x0800afa4   0x000000be   Code   RO         6541    i.xQueueGenericSendFromISR  queue.o
    0x0800b062   0x0800b062   0x00000002   PAD
    0x0800b064   0x0800b064   0x00000138   Code   RO         6547    i.xQueueReceive     queue.o
    0x0800b19c   0x0800b19c   0x00000074   Code   RO         6930    i.xTaskCheckForTimeOut  tasks.o
    0x0800b210   0x0800b210   0x0000005a   Code   RO         6931    i.xTaskCreate       tasks.o
    0x0800b26a   0x0800b26a   0x00000056   Code   RO         6932    i.xTaskCreateStatic  tasks.o
    0x0800b2c0   0x0800b2c0   0x0000001c   Code   RO         6938    i.xTaskGetSchedulerState  tasks.o
    0x0800b2dc   0x0800b2dc   0x0000000c   Code   RO         6939    i.xTaskGetTickCount  tasks.o
    0x0800b2e8   0x0800b2e8   0x000000cc   Code   RO         6941    i.xTaskIncrementTick  tasks.o
    0x0800b3b4   0x0800b3b4   0x00000098   Code   RO         6944    i.xTaskPriorityDisinherit  tasks.o
    0x0800b44c   0x0800b44c   0x00000074   Code   RO         6946    i.xTaskRemoveFromEventList  tasks.o
    0x0800b4c0   0x0800b4c0   0x000000c4   Code   RO         6947    i.xTaskResumeAll    tasks.o
    0x0800b584   0x0800b584   0x00000060   Code   RO         7301    i.xTimerCreateTimerTask  timers.o
    0x0800b5e4   0x0800b5e4   0x00000060   Code   RO         7302    i.xTimerGenericCommand  timers.o
    0x0800b644   0x0800b644   0x00000188   Data   RO          320    .constdata          freertos.o
    0x0800b7cc   0x0800b7cc   0x0000d53c   Data   RO         1446    .constdata          lcd_proc.o
    0x08018d08   0x08018d08   0x00000008   Data   RO         2952    .constdata          stm32f4xx_hal_dma.o
    0x08018d10   0x08018d10   0x00000010   Data   RO         6299    .constdata          system_stm32f4xx.o
    0x08018d20   0x08018d20   0x00000008   Data   RO         6300    .constdata          system_stm32f4xx.o
    0x08018d28   0x08018d28   0x00000094   Data   RO          321    .conststring        freertos.o
    0x08018dbc   0x08018dbc   0x00000020   Data   RO        10222    Region$$Table       anon$$obj.o


    Execution Region RW_IRAM1 (Exec base: 0x20000000, Load base: 0x08018ddc, Size: 0x000062f0, Max: 0x0001c000, ABSOLUTE, COMPRESSED[0x00000020])

    Exec Addr    Load Addr    Size         Type   Attr      Idx    E Section Name        Object

    0x20000000   COMPRESSED   0x00000008   Data   RW           26    .data               main.o
    0x20000008   COMPRESSED   0x00000001   Data   RW          688    .data               usart.o
    0x20000009   COMPRESSED   0x00000003   PAD
    0x2000000c   COMPRESSED   0x00000010   Data   RW         1209    .data               flash_proc.o
    0x2000001c   COMPRESSED   0x00000004   Data   RW         1210    .data               flash_proc.o
    0x20000020   COMPRESSED   0x00000004   Data   RW         1330    .data               pc_proc.o
    0x20000024   COMPRESSED   0x00000004   Data   RW         1361    .data               k210_proc.o
    0x20000028   COMPRESSED   0x00000004   Data   RW         1393    .data               key_proc.o
    0x2000002c   COMPRESSED   0x00000004   Data   RW         1394    .data               key_proc.o
    0x20000030   COMPRESSED   0x00000001   Data   RW         1448    .data               lcd_proc.o
    0x20000031   COMPRESSED   0x00000003   PAD
    0x20000034   COMPRESSED   0x00000004   Data   RW         1449    .data               lcd_proc.o
    0x20000038   COMPRESSED   0x00000040   Data   RW         1595    .data               mpu6050_proc.o
    0x20000078   COMPRESSED   0x00000004   Data   RW         1596    .data               mpu6050_proc.o
    0x2000007c   COMPRESSED   0x00000010   Data   RW         1632    .data               openmv_proc.o
    0x2000008c   COMPRESSED   0x00000004   Data   RW         1633    .data               openmv_proc.o
    0x20000090   COMPRESSED   0x00000004   Data   RW         1665    .data               rgb_proc.o
    0x20000094   COMPRESSED   0x00000001   Data   RW         1666    .data               rgb_proc.o
    0x20000095   COMPRESSED   0x00000003   PAD
    0x20000098   COMPRESSED   0x00000004   Data   RW         1705    .data               sbus_proc.o
    0x2000009c   COMPRESSED   0x00000004   Data   RW         1751    .data               servo_proc.o
    0x200000a0   COMPRESSED   0x00000004   Data   RW         1799    .data               buzzer_proc.o
    0x200000a4   COMPRESSED   0x00000004   Data   RW         1853    .data               motor_proc.o
    0x200000a8   COMPRESSED   0x00000004   Data   RW         1854    .data               motor_proc.o
    0x200000ac   COMPRESSED   0x00000004   Data   RW         1927    .data               ble_proc.o
    0x200000b0   COMPRESSED   0x00000024   Data   RW         2137    .data               mpu6050.o
    0x200000d4   COMPRESSED   0x0000000c   Data   RW         3379    .data               stm32f4xx_hal.o
    0x200000e0   COMPRESSED   0x00000004   Data   RW         6301    .data               system_stm32f4xx.o
    0x200000e4   COMPRESSED   0x00000044   Data   RW         6950    .data               tasks.o
    0x20000128   COMPRESSED   0x00000014   Data   RW         7308    .data               timers.o
    0x2000013c   COMPRESSED   0x00000020   Data   RW         7825    .data               heap_4.o
    0x2000015c   COMPRESSED   0x0000000c   Data   RW         7881    .data               port.o
    0x20000168   COMPRESSED   0x00000004   Data   RW        10178    .data               mc_w.l(stdout.o)
    0x2000016c   COMPRESSED   0x00000004   Data   RW        10192    .data               mc_w.l(errno.o)
    0x20000170        -       0x00000258   Zero   RW           18    .bss                main.o
    0x200003c8        -       0x000003e8   Zero   RW           19    .bss                main.o
    0x200007b0        -       0x000006c8   Zero   RW          319    .bss                freertos.o
    0x20000e78        -       0x00000150   Zero   RW          382    .bss                adc.o
    0x20000fc8        -       0x00000054   Zero   RW          453    .bss                i2c.o
    0x2000101c        -       0x000000b0   Zero   RW          497    .bss                spi.o
    0x200010cc        -       0x00000318   Zero   RW          564    .bss                tim.o
    0x200013e4        -       0x00000618   Zero   RW          687    .bss                usart.o
    0x200019fc        -       0x0000050c   Zero   RW          764    .bss                usb_otg.o
    0x20001f08        -       0x00000048   Zero   RW         1038    .bss                stm32f4xx_hal_timebase_tim.o
    0x20001f50        -       0x00000028   Zero   RW         1445    .bss                lcd_proc.o
    0x20001f78        -       0x0000001c   Zero   RW         1593    .bss                mpu6050_proc.o
    0x20001f94        -       0x00000058   Zero   RW         1594    .bss                mpu6050_proc.o
    0x20001fec        -       0x00000042   Zero   RW         1704    .bss                sbus_proc.o
    0x2000202e   COMPRESSED   0x00000002   PAD
    0x20002030        -       0x00000020   Zero   RW         1852    .bss                motor_proc.o
    0x20002050        -       0x00000040   Zero   RW         6550    .bss                queue.o
    0x20002090        -       0x000000f0   Zero   RW         6949    .bss                tasks.o
    0x20002180        -       0x000000f0   Zero   RW         7307    .bss                timers.o
    0x20002270        -       0x00003c00   Zero   RW         7824    .bss                heap_4.o
    0x20005e70        -       0x00000080   Zero   RW         9001    .bss                simplepid.o
    0x20005ef0        -       0x00000400   Zero   RW            1    STACK               startup_stm32f40_41xxx.o


    Execution Region RW_IRAM2 (Exec base: 0x2001c000, Load base: 0x08018dfc, Size: 0x00000000, Max: 0x00004000, ABSOLUTE)

    **** No section assigned to this execution region ****


==============================================================================

Image component sizes


      Code (inc. data)   RO Data    RW Data    ZI Data      Debug   Object Name

       472         52          0          0        336       2790   adc.o
         8          0          0          4          0        812   ble_proc.o
       218         30          0          4          0       2133   buzzer_proc.o
       120          0          0          0          0      26001   cmsis_os.o
         0          0          0          0          0       7496   croutine.o
       172          4          0          0          0        942   dma.o
         0          0          0          0          0      22600   event_groups.o
       384         26          0         20          0       4969   flash_proc.o
      1216        604        540          0       1736       9899   freertos.o
       356         26          0          0          0       1195   gpio.o
       472         24          0         32      15360       5063   heap_4.o
       216         26          0          0         84       1881   i2c.o
         8          0          0          4          0        818   k210_proc.o
       300         92          0          8          0       2253   key_proc.o
       698         18          0          0          0       6445   lcd_init.o
      2292        476      54588          5         40      15541   lcd_proc.o
       138          0          0          0          0       3742   list.o
       724        126          0          8       1600     759600   main.o
       600        102          0          8         32       5498   motor_proc.o
       418         18          0         36          0       5504   mpu6050.o
      1116         98          0         68        116       3824   mpu6050_proc.o
       108         18          0         20          0       1433   openmv_proc.o
       244        150          0          4          0        866   pc_proc.o
       786         82          0         12          0      12237   port.o
      1514         20          0          0         64      17912   queue.o
       100         10          0          5          0       1502   rgb_proc.o
       392         18          0          4         66       2953   sbus_proc.o
       808         70          0          4          0       2377   servo_proc.o
       174         16          0          0        128       2821   simplepid.o
       428         46          0          0        176       2674   spi.o
        36          8        392          0       1024        872   startup_stm32f40_41xxx.o
       116         18          0         12          0       8954   stm32f4xx_hal.o
      1020         28          0          0          0       5774   stm32f4xx_hal_adc.o
         2          0          0          0          0       1049   stm32f4xx_hal_adc_ex.o
       158         14          0          0          0      33322   stm32f4xx_hal_cortex.o
      1090         16          8          0          0       8269   stm32f4xx_hal_dma.o
       516         46          0          0          0       2979   stm32f4xx_hal_gpio.o
      5356         90          0          0          0      33768   stm32f4xx_hal_i2c.o
        56          4          0          0          0        942   stm32f4xx_hal_msp.o
       226          0          0          0          0       1803   stm32f4xx_hal_pcd.o
      1408         82          0          0          0       6125   stm32f4xx_hal_rcc.o
      1570         18          0          0          0       8969   stm32f4xx_hal_spi.o
      2998        182          0          0          0      24285   stm32f4xx_hal_tim.o
       232         28          0          0          0       3437   stm32f4xx_hal_tim_ex.o
       152         20          0          0         72     731003   stm32f4xx_hal_timebase_tim.o
      2284         44          0          0          0      18363   stm32f4xx_hal_uart.o
       360        162          0          0          0      15899   stm32f4xx_it.o
       808         32          0          0          0       7697   stm32f4xx_ll_usb.o
         0          0          0          0          0        392   stream_buffer.o
        16          4         24          4          0       1223   system_stm32f4xx.o
      3038        240          0         68        240      34629   tasks.o
      2256        210          0          0        792      11774   tim.o
       952         80          0         20        240      33043   timers.o
      1604        130          0          1       1560       8674   usart.o
       172         14          0          0       1292       1913   usb_otg.o

    ----------------------------------------------------------------------
     40978       3622      55584        360      24960    1938939   Object Totals
         0          0         32          0          0          0   (incl. Generated)
        70          0          0          9          2          0   (incl. Padding)

    ----------------------------------------------------------------------

      Code (inc. data)   RO Data    RW Data    ZI Data      Debug   Library Member Name

       300         42          0          0          0        176   asinf.o
       684         90          0          0          0        208   atan2f.o
        38          0          0          0          0        116   fpclassifyf.o
        44         12          0          0          0        464   funder.o
        62          0          0          0          0        136   sqrtf.o
        58          0          0          0          0          0   __dczerorl.o
         0          0          0          0          0          0   entry.o
         0          0          0          0          0          0   entry10a.o
         0          0          0          0          0          0   entry11a.o
         4          0          0          0          0          0   entry12b.o
         8          4          0          0          0          0   entry2.o
         4          0          0          0          0          0   entry5.o
         0          0          0          0          0          0   entry7b.o
         0          0          0          0          0          0   entry8b.o
         8          4          0          0          0          0   entry9a.o
        12          6          0          4          0         68   errno.o
        30          0          0          0          0          0   handlers.o
        36          8          0          0          0         68   init.o
         0          0          0          0          0          0   iusefp.o
        30          0          0          0          0         68   llshl.o
        36          0          0          0          0         68   llsshr.o
        32          0          0          0          0         68   llushr.o
        40          0          0          0          0         76   memcpy.o
        36          0          0          0          0        108   memseta.o
      2268         96          0          0          0        616   printfa.o
         0          0          0          4          0          0   stdout.o
        18          0          0          0          0         68   strcpy.o
        14          0          0          0          0         68   strlen.o
        44          0          0          0          0         80   uidiv.o
        98          0          0          0          0         92   uldiv.o
        48          0          0          0          0         68   cdrcmple.o
        56          0          0          0          0         88   d2f.o
       334          0          0          0          0        148   dadd.o
       222          0          0          0          0        100   ddiv.o
       186          0          0          0          0        176   depilogue.o
        50          0          0          0          0         76   dfixui.o
        48          0          0          0          0         68   dfixul.o
        34          0          0          0          0         76   dflti.o
        26          0          0          0          0         76   dfltui.o
       228          0          0          0          0         96   dmul.o
        38          0          0          0          0         68   f2d.o
       110          0          0          0          0        168   fepilogue.o

    ----------------------------------------------------------------------
      5290        262          0          8          0       3756   Library Totals
         6          0          0          0          0          0   (incl. Padding)

    ----------------------------------------------------------------------

      Code (inc. data)   RO Data    RW Data    ZI Data      Debug   Library Name

      1128        144          0          0          0       1100   m_wm.l
      2776        118          0          8          0       1448   mc_w.l
      1380          0          0          0          0       1208   mf_w.l

    ----------------------------------------------------------------------
      5290        262          0          8          0       3756   Library Totals

    ----------------------------------------------------------------------

==============================================================================


      Code (inc. data)   RO Data    RW Data    ZI Data      Debug   

     46268       3884      55584        368      24960    1906675   Grand Totals
     46268       3884      55584         32      24960    1906675   ELF Image Totals (compressed)
     46268       3884      55584         32          0          0   ROM Totals

==============================================================================

    Total RO  Size (Code + RO Data)               101852 (  99.46kB)
    Total RW  Size (RW Data + ZI Data)             25328 (  24.73kB)
    Total ROM Size (Code + RO Data + RW Data)     101884 (  99.50kB)

==============================================================================

